[INFO] Scanning for projects...
[INFO] 
[INFO] ---------------------< com.nearz:nearz-api-tests >----------------------
[INFO] Building Nearz API end-to-end journey tests 1.0.0
[INFO]   from pom.xml
[INFO] --------------------------------[ jar ]---------------------------------
[INFO] 
[INFO] --- resources:3.4.0:resources (default-resources) @ nearz-api-tests ---
[INFO] skip non existing resourceDirectory C:\Users\saura\Documents\api-service\nearz-api-tests\src\main\resources
[INFO] 
[INFO] --- compiler:3.15.0:compile (default-compile) @ nearz-api-tests ---
[INFO] No sources to compile
[INFO] 
[INFO] --- resources:3.4.0:testResources (default-testResources) @ nearz-api-tests ---
[INFO] Copying 2 resources from src\test\resources to target\test-classes
[INFO] 
[INFO] --- compiler:3.15.0:testCompile (default-testCompile) @ nearz-api-tests ---
[INFO] Recompiling the module because of changed source code.
[INFO] Compiling 11 source files with javac [debug release 17] to target\test-classes
[INFO] 
[INFO] --- surefire:3.2.5:test (default-test) @ nearz-api-tests ---
[INFO] Using auto detected provider org.apache.maven.surefire.testng.TestNGProvider
[INFO] 
[INFO] -------------------------------------------------------
[INFO]  T E S T S
[INFO] -------------------------------------------------------
[INFO] Running com.nearz.api.Block1EnquiryTest
Request URI:	https://www.testnearz.co.in/salons/4550/working_days
Request URI:	https://www.testnearz.co.in/api/v1/billing/tax_config
Request URI:	https://www.testnearz.co.in/salons/4550/settings
Request URI:	https://www.testnearz.co.in/api/v1/billing/services?per_page=200
Request URI:	https://www.testnearz.co.in/api/v1/billing/staff
Request URI:	https://www.testnearz.co.in/api/v1/billing/products?per_page=200
Request URI:	https://www.testnearz.co.in/salons/4550/enquiries
Request URI:	https://www.testnearz.co.in/salons/4550/enquiries/592/convert
Request URI:	https://www.testnearz.co.in/salons/4550/appointments?date=2026-08-30&page=1&per_page=100
Request URI:	https://www.testnearz.co.in/appointments
Request URI:	https://www.testnearz.co.in/appointments
Request URI:	https://www.testnearz.co.in/appointments
Request URI:	https://www.testnearz.co.in/appointments
Request URI:	https://www.testnearz.co.in/appointments
Request URI:	https://www.testnearz.co.in/appointments/11091
Request URI:	https://www.testnearz.co.in/api/v1/billing/staff
Request URI:	https://www.testnearz.co.in/api/v1/billing/services?per_page=200
Request URI:	https://www.testnearz.co.in/appointments/11091
Request URI:	https://www.testnearz.co.in/appointments/11091
Request URI:	https://www.testnearz.co.in/salons/4550/reports/sales/summary?range=today
Request URI:	https://www.testnearz.co.in/salons/4550/reports/payments/summary?range=today
Request URI:	https://www.testnearz.co.in/salons/4550/reports/customers/summary?range=today
Request URI:	https://www.testnearz.co.in/salons/4550/reports/services/summary?range=today
Request URI:	https://www.testnearz.co.in/salons/4550/reports/staff_performance/summary?range=today
Request URI:	https://www.testnearz.co.in/salons/4550/reports/profit/summary?range=today
Request URI:	https://www.testnearz.co.in/salons/4550/enquiries
Request URI:	https://www.testnearz.co.in/salons/4550/enquiries/593/convert
Request URI:	https://www.testnearz.co.in/appointments
Request URI:	https://www.testnearz.co.in/appointments/11092/status
Request URI:	https://www.testnearz.co.in/api/v1/billing/bills
Request URI:	https://www.testnearz.co.in/api/v1/billing/bills/910
Request URI:	https://www.testnearz.co.in/api/v1/billing/bills/910/finalize
Request URI:	https://www.testnearz.co.in/salons/4550/reports/sales/summary?range=today
Request URI:	https://www.testnearz.co.in/salons/4550/reports/payments/summary?range=today
Request URI:	https://www.testnearz.co.in/salons/4550/reports/customers/summary?range=today
Request URI:	https://www.testnearz.co.in/salons/4550/reports/services/summary?range=today
Request URI:	https://www.testnearz.co.in/salons/4550/reports/staff_performance/summary?range=today
Request URI:	https://www.testnearz.co.in/salons/4550/reports/profit/summary?range=today
Request URI:	https://www.testnearz.co.in/api/v1/billing/bills/910
Request URI:	https://www.testnearz.co.in/salons/4550/salon_customer_profiles/794
Request URI:	https://www.testnearz.co.in/salons/4550/reports/sales/summary?range=today
Request URI:	https://www.testnearz.co.in/salons/4550/reports/payments/summary?range=today
Request URI:	https://www.testnearz.co.in/salons/4550/reports/customers/summary?range=today
Request URI:	https://www.testnearz.co.in/salons/4550/reports/services/summary?range=today
Request URI:	https://www.testnearz.co.in/salons/4550/reports/staff_performance/summary?range=today
Request URI:	https://www.testnearz.co.in/salons/4550/reports/profit/summary?range=today
Request URI:	https://www.testnearz.co.in/salons/4550/enquiries
Request URI:	https://www.testnearz.co.in/salons/4550/enquiries/594/convert
Request URI:	https://www.testnearz.co.in/appointments
Request URI:	https://www.testnearz.co.in/appointments/11093/status
Request URI:	https://www.testnearz.co.in/api/v1/billing/bills
Request URI:	https://www.testnearz.co.in/api/v1/billing/bills/911
Request URI:	https://www.testnearz.co.in/api/v1/billing/bills/911/finalize
Request URI:	https://www.testnearz.co.in/api/v1/billing/bills/911/refund
Request URI:	https://www.testnearz.co.in/salons/4550/reports/sales/summary?range=today
Request URI:	https://www.testnearz.co.in/salons/4550/reports/payments/summary?range=today
Request URI:	https://www.testnearz.co.in/salons/4550/reports/customers/summary?range=today
Request URI:	https://www.testnearz.co.in/salons/4550/reports/services/summary?range=today
Request URI:	https://www.testnearz.co.in/salons/4550/reports/staff_performance/summary?range=today
Request URI:	https://www.testnearz.co.in/salons/4550/reports/profit/summary?range=today
Request URI:	https://www.testnearz.co.in/api/v1/billing/bills/911
Request URI:	https://www.testnearz.co.in/salons/4550/reports/sales/summary?range=today
Request URI:	https://www.testnearz.co.in/salons/4550/reports/payments/summary?range=today
Request URI:	https://www.testnearz.co.in/salons/4550/reports/customers/summary?range=today
Request URI:	https://www.testnearz.co.in/salons/4550/reports/services/summary?range=today
Request URI:	https://www.testnearz.co.in/salons/4550/reports/staff_performance/summary?range=today
Request URI:	https://www.testnearz.co.in/salons/4550/reports/profit/summary?range=today
Request URI:	https://www.testnearz.co.in/salons/4550/enquiries
Request URI:	https://www.testnearz.co.in/salons/4550/enquiries/595/convert
Request URI:	https://www.testnearz.co.in/appointments
Request URI:	https://www.testnearz.co.in/appointments/11094/status
Request URI:	https://www.testnearz.co.in/salons/4550/reports/sales/summary?range=today
Request URI:	https://www.testnearz.co.in/salons/4550/reports/payments/summary?range=today
Request URI:	https://www.testnearz.co.in/salons/4550/reports/customers/summary?range=today
Request URI:	https://www.testnearz.co.in/salons/4550/reports/services/summary?range=today
Request URI:	https://www.testnearz.co.in/salons/4550/reports/staff_performance/summary?range=today
Request URI:	https://www.testnearz.co.in/salons/4550/reports/profit/summary?range=today
Request URI:	https://www.testnearz.co.in/salons/4550/appointments?date=2026-08-30&per_page=200
Request URI:	https://www.testnearz.co.in/salons/4550/reports/sales/summary?range=today
Request URI:	https://www.testnearz.co.in/salons/4550/reports/payments/summary?range=today
Request URI:	https://www.testnearz.co.in/salons/4550/reports/customers/summary?range=today
Request URI:	https://www.testnearz.co.in/salons/4550/reports/services/summary?range=today
Request URI:	https://www.testnearz.co.in/salons/4550/reports/staff_performance/summary?range=today
Request URI:	https://www.testnearz.co.in/salons/4550/reports/profit/summary?range=today
Request URI:	https://www.testnearz.co.in/salons/4550/enquiries
Request URI:	https://www.testnearz.co.in/salons/4550/enquiries/596/convert
Request URI:	https://www.testnearz.co.in/appointments
Request URI:	https://www.testnearz.co.in/appointments/11095/status
Request URI:	https://www.testnearz.co.in/salons/4550/reports/sales/summary?range=today
Request URI:	https://www.testnearz.co.in/salons/4550/reports/payments/summary?range=today
Request URI:	https://www.testnearz.co.in/salons/4550/reports/customers/summary?range=today
Request URI:	https://www.testnearz.co.in/salons/4550/reports/services/summary?range=today
Request URI:	https://www.testnearz.co.in/salons/4550/reports/staff_performance/summary?range=today
Request URI:	https://www.testnearz.co.in/salons/4550/reports/profit/summary?range=today
Request URI:	https://www.testnearz.co.in/salons/4550/appointments?date=2026-08-30&per_page=200
Request URI:	https://www.testnearz.co.in/salons/4550/reports/sales/summary?range=today
Request URI:	https://www.testnearz.co.in/salons/4550/reports/payments/summary?range=today
Request URI:	https://www.testnearz.co.in/salons/4550/reports/customers/summary?range=today
Request URI:	https://www.testnearz.co.in/salons/4550/reports/services/summary?range=today
Request URI:	https://www.testnearz.co.in/salons/4550/reports/staff_performance/summary?range=today
Request URI:	https://www.testnearz.co.in/salons/4550/reports/profit/summary?range=today
Request URI:	https://www.testnearz.co.in/salons/4550/enquiries
Request URI:	https://www.testnearz.co.in/salons/4550/enquiries/597/convert
Request URI:	https://www.testnearz.co.in/appointments
Request URI:	https://www.testnearz.co.in/appointments/11096
Request URI:	https://www.testnearz.co.in/appointments/11096
Request URI:	https://www.testnearz.co.in/appointments/11096
Request URI:	https://www.testnearz.co.in/appointments/11096
Request URI:	https://www.testnearz.co.in/appointments/11096
Request URI:	https://www.testnearz.co.in/appointments/11096
Request URI:	https://www.testnearz.co.in/appointments/11096
Request URI:	https://www.testnearz.co.in/appointments/11096
Request URI:	https://www.testnearz.co.in/appointments/11096
Request URI:	https://www.testnearz.co.in/appointments/11096/status
Request URI:	https://www.testnearz.co.in/api/v1/billing/bills
Request URI:	https://www.testnearz.co.in/api/v1/billing/bills/912
Request URI:	https://www.testnearz.co.in/api/v1/billing/bills/912/finalize
Request URI:	https://www.testnearz.co.in/salons/4550/reports/sales/summary?range=today
Request URI:	https://www.testnearz.co.in/salons/4550/reports/payments/summary?range=today
Request URI:	https://www.testnearz.co.in/salons/4550/reports/customers/summary?range=today
Request URI:	https://www.testnearz.co.in/salons/4550/reports/services/summary?range=today
Request URI:	https://www.testnearz.co.in/salons/4550/reports/staff_performance/summary?range=today
Request URI:	https://www.testnearz.co.in/salons/4550/reports/profit/summary?range=today
Request URI:	https://www.testnearz.co.in/api/v1/billing/bills/912
Request URI:	https://www.testnearz.co.in/salons/4550/reports/sales/summary?range=today
Request URI:	https://www.testnearz.co.in/salons/4550/reports/payments/summary?range=today
Request URI:	https://www.testnearz.co.in/salons/4550/reports/customers/summary?range=today
Request URI:	https://www.testnearz.co.in/salons/4550/reports/services/summary?range=today
Request URI:	https://www.testnearz.co.in/salons/4550/reports/staff_performance/summary?range=today
Request URI:	https://www.testnearz.co.in/salons/4550/reports/profit/summary?range=today
Request URI:	https://www.testnearz.co.in/salons/4550/enquiries
Request URI:	https://www.testnearz.co.in/salons/4550/enquiries/598/convert
Request URI:	https://www.testnearz.co.in/appointments
Request URI:	https://www.testnearz.co.in/appointments/11097
Request URI:	https://www.testnearz.co.in/appointments/11097
Request URI:	https://www.testnearz.co.in/appointments/11097
Request URI:	https://www.testnearz.co.in/appointments/11097/status
Request URI:	https://www.testnearz.co.in/api/v1/billing/bills
Request URI:	https://www.testnearz.co.in/api/v1/billing/bills/913
Request URI:	https://www.testnearz.co.in/api/v1/billing/bills/913/finalize
Request URI:	https://www.testnearz.co.in/salons/4550/reports/sales/summary?range=today
Request URI:	https://www.testnearz.co.in/salons/4550/reports/payments/summary?range=today
Request URI:	https://www.testnearz.co.in/salons/4550/reports/customers/summary?range=today
Request URI:	https://www.testnearz.co.in/salons/4550/reports/services/summary?range=today
Request URI:	https://www.testnearz.co.in/salons/4550/reports/staff_performance/summary?range=today
Request URI:	https://www.testnearz.co.in/salons/4550/reports/profit/summary?range=today
Request URI:	https://www.testnearz.co.in/api/v1/billing/bills/913
Request URI:	https://www.testnearz.co.in/salons/4550/reports/sales/summary?range=today
Request URI:	https://www.testnearz.co.in/salons/4550/reports/payments/summary?range=today
Request URI:	https://www.testnearz.co.in/salons/4550/reports/customers/summary?range=today
Request URI:	https://www.testnearz.co.in/salons/4550/reports/services/summary?range=today
Request URI:	https://www.testnearz.co.in/salons/4550/reports/staff_performance/summary?range=today
Request URI:	https://www.testnearz.co.in/salons/4550/reports/profit/summary?range=today
Request URI:	https://www.testnearz.co.in/salons/4550/enquiries
Request URI:	https://www.testnearz.co.in/salons/4550/enquiries/599/convert
Request URI:	https://www.testnearz.co.in/appointments
Request URI:	https://www.testnearz.co.in/appointments/11098
Request URI:	https://www.testnearz.co.in/appointments/11098/status
Request URI:	https://www.testnearz.co.in/api/v1/billing/bills
Request URI:	https://www.testnearz.co.in/api/v1/billing/bills/914
Request URI:	https://www.testnearz.co.in/api/v1/billing/bills/914/finalize
Request URI:	https://www.testnearz.co.in/salons/4550/reports/sales/summary?range=today
Request URI:	https://www.testnearz.co.in/salons/4550/reports/payments/summary?range=today
Request URI:	https://www.testnearz.co.in/salons/4550/reports/customers/summary?range=today
Request URI:	https://www.testnearz.co.in/salons/4550/reports/services/summary?range=today
Request URI:	https://www.testnearz.co.in/salons/4550/reports/staff_performance/summary?range=today
Request URI:	https://www.testnearz.co.in/salons/4550/reports/profit/summary?range=today
Request URI:	https://www.testnearz.co.in/api/v1/billing/bills/914
Request URI:	https://www.testnearz.co.in/salons/4550/reports/sales/summary?range=today
Request URI:	https://www.testnearz.co.in/salons/4550/reports/payments/summary?range=today
Request URI:	https://www.testnearz.co.in/salons/4550/reports/customers/summary?range=today
Request URI:	https://www.testnearz.co.in/salons/4550/reports/services/summary?range=today
Request URI:	https://www.testnearz.co.in/salons/4550/reports/staff_performance/summary?range=today
Request URI:	https://www.testnearz.co.in/salons/4550/reports/profit/summary?range=today
Request URI:	https://www.testnearz.co.in/salons/4550/enquiries
Request URI:	https://www.testnearz.co.in/salons/4550/enquiries/600/convert
Request URI:	https://www.testnearz.co.in/appointments
Request URI:	https://www.testnearz.co.in/appointments/11099/status
Request URI:	https://www.testnearz.co.in/api/v1/billing/bills
Request URI:	https://www.testnearz.co.in/api/v1/billing/bills/915
Request URI:	https://www.testnearz.co.in/api/v1/billing/bills/915/finalize
Request URI:	https://www.testnearz.co.in/appointments
Request URI:	https://www.testnearz.co.in/appointments/11100/status
Request URI:	https://www.testnearz.co.in/api/v1/billing/bills
Request URI:	https://www.testnearz.co.in/api/v1/billing/bills/916
Request URI:	https://www.testnearz.co.in/api/v1/billing/bills/916/finalize
Request URI:	https://www.testnearz.co.in/salons/4550/reports/sales/summary?range=today
Request URI:	https://www.testnearz.co.in/salons/4550/reports/payments/summary?range=today
Request URI:	https://www.testnearz.co.in/salons/4550/reports/customers/summary?range=today
Request URI:	https://www.testnearz.co.in/salons/4550/reports/services/summary?range=today
Request URI:	https://www.testnearz.co.in/salons/4550/reports/staff_performance/summary?range=today
Request URI:	https://www.testnearz.co.in/salons/4550/reports/profit/summary?range=today
Request URI:	https://www.testnearz.co.in/api/v1/billing/bills/916
Request URI:	https://www.testnearz.co.in/salons/4550/reports/sales/summary?range=today
Request URI:	https://www.testnearz.co.in/salons/4550/reports/payments/summary?range=today
Request URI:	https://www.testnearz.co.in/salons/4550/reports/customers/summary?range=today
Request URI:	https://www.testnearz.co.in/salons/4550/reports/services/summary?range=today
Request URI:	https://www.testnearz.co.in/salons/4550/reports/staff_performance/summary?range=today
Request URI:	https://www.testnearz.co.in/salons/4550/reports/profit/summary?range=today
Request URI:	https://www.testnearz.co.in/salons/4550/enquiries
Request URI:	https://www.testnearz.co.in/salons/4550/enquiries/601/convert
Request URI:	https://www.testnearz.co.in/appointments
Request URI:	https://www.testnearz.co.in/appointments/11101/status
Request URI:	https://www.testnearz.co.in/api/v1/billing/bills
Request URI:	https://www.testnearz.co.in/api/v1/billing/bills/917
Request URI:	https://www.testnearz.co.in/api/v1/billing/bills/917/finalize
Request URI:	https://www.testnearz.co.in/salons/4550/reports/sales/summary?range=today
Request URI:	https://www.testnearz.co.in/salons/4550/reports/payments/summary?range=today
Request URI:	https://www.testnearz.co.in/salons/4550/reports/customers/summary?range=today
Request URI:	https://www.testnearz.co.in/salons/4550/reports/services/summary?range=today
Request URI:	https://www.testnearz.co.in/salons/4550/reports/staff_performance/summary?range=today
Request URI:	https://www.testnearz.co.in/salons/4550/reports/profit/summary?range=today
Request URI:	https://www.testnearz.co.in/api/v1/billing/bills/917
Request URI:	https://www.testnearz.co.in/salons/4550/reports/sales/summary?range=today
Request URI:	https://www.testnearz.co.in/salons/4550/reports/payments/summary?range=today
Request URI:	https://www.testnearz.co.in/salons/4550/reports/customers/summary?range=today
Request URI:	https://www.testnearz.co.in/salons/4550/reports/services/summary?range=today
Request URI:	https://www.testnearz.co.in/salons/4550/reports/staff_performance/summary?range=today
Request URI:	https://www.testnearz.co.in/salons/4550/reports/profit/summary?range=today
Request URI:	https://www.testnearz.co.in/salons/4550/enquiries
Request URI:	https://www.testnearz.co.in/salons/4550/enquiries/602/convert
Request URI:	https://www.testnearz.co.in/appointments
Request URI:	https://www.testnearz.co.in/appointments/11102/status
Request URI:	https://www.testnearz.co.in/api/v1/billing/bills
Request URI:	https://www.testnearz.co.in/api/v1/billing/bills/918
Request URI:	https://www.testnearz.co.in/api/v1/billing/bills/918
Request URI:	https://www.testnearz.co.in/api/v1/billing/bills/918/finalize
Request URI:	https://www.testnearz.co.in/salons/4550/reports/sales/summary?range=today
Request URI:	https://www.testnearz.co.in/salons/4550/reports/payments/summary?range=today
Request URI:	https://www.testnearz.co.in/salons/4550/reports/customers/summary?range=today
Request URI:	https://www.testnearz.co.in/salons/4550/reports/services/summary?range=today
Request URI:	https://www.testnearz.co.in/salons/4550/reports/staff_performance/summary?range=today
Request URI:	https://www.testnearz.co.in/salons/4550/reports/profit/summary?range=today
Request URI:	https://www.testnearz.co.in/salons/4550/reports/sales/summary?range=today
Request URI:	https://www.testnearz.co.in/salons/4550/reports/payments/summary?range=today
Request URI:	https://www.testnearz.co.in/salons/4550/reports/customers/summary?range=today
Request URI:	https://www.testnearz.co.in/salons/4550/reports/services/summary?range=today
Request URI:	https://www.testnearz.co.in/salons/4550/reports/staff_performance/summary?range=today
Request URI:	https://www.testnearz.co.in/salons/4550/reports/profit/summary?range=today
Request URI:	https://www.testnearz.co.in/salons/4550/enquiries
Request URI:	https://www.testnearz.co.in/salons/4550/enquiries/603/convert
Request URI:	https://www.testnearz.co.in/appointments
Request URI:	https://www.testnearz.co.in/appointments/11103/status
Request URI:	https://www.testnearz.co.in/api/v1/billing/bills
Request URI:	https://www.testnearz.co.in/api/v1/billing/bills/919
Request URI:	https://www.testnearz.co.in/api/v1/billing/bills/919/finalize
Request URI:	https://www.testnearz.co.in/salons/4550/reports/sales/summary?range=today
Request URI:	https://www.testnearz.co.in/salons/4550/reports/payments/summary?range=today
Request URI:	https://www.testnearz.co.in/salons/4550/reports/customers/summary?range=today
Request URI:	https://www.testnearz.co.in/salons/4550/reports/services/summary?range=today
Request URI:	https://www.testnearz.co.in/salons/4550/reports/staff_performance/summary?range=today
Request URI:	https://www.testnearz.co.in/salons/4550/reports/profit/summary?range=today
Request URI:	https://www.testnearz.co.in/api/v1/billing/bills/919
Request URI:	https://www.testnearz.co.in/salons/4550/reports/sales/summary?range=today
Request URI:	https://www.testnearz.co.in/salons/4550/reports/payments/summary?range=today
Request URI:	https://www.testnearz.co.in/salons/4550/reports/customers/summary?range=today
Request URI:	https://www.testnearz.co.in/salons/4550/reports/services/summary?range=today
Request URI:	https://www.testnearz.co.in/salons/4550/reports/staff_performance/summary?range=today
Request URI:	https://www.testnearz.co.in/salons/4550/reports/profit/summary?range=today
Request URI:	https://www.testnearz.co.in/salons/4550/enquiries
Request URI:	https://www.testnearz.co.in/salons/4550/enquiries/604/convert
Request URI:	https://www.testnearz.co.in/appointments
Request URI:	https://www.testnearz.co.in/appointments/11104/status
Request URI:	https://www.testnearz.co.in/api/v1/billing/bills
Request URI:	https://www.testnearz.co.in/api/v1/billing/bills/920
Request URI:	https://www.testnearz.co.in/api/v1/billing/bills/920
Request URI:	https://www.testnearz.co.in/api/v1/billing/bills/920/finalize
Request URI:	https://www.testnearz.co.in/salons/4550/reports/sales/summary?range=today
Request URI:	https://www.testnearz.co.in/salons/4550/reports/payments/summary?range=today
Request URI:	https://www.testnearz.co.in/salons/4550/reports/customers/summary?range=today
Request URI:	https://www.testnearz.co.in/salons/4550/reports/services/summary?range=today
Request URI:	https://www.testnearz.co.in/salons/4550/reports/staff_performance/summary?range=today
Request URI:	https://www.testnearz.co.in/salons/4550/reports/profit/summary?range=today
Request URI:	https://www.testnearz.co.in/salons/4550/reports/sales/summary?range=today
Request URI:	https://www.testnearz.co.in/salons/4550/reports/payments/summary?range=today
Request URI:	https://www.testnearz.co.in/salons/4550/reports/customers/summary?range=today
Request URI:	https://www.testnearz.co.in/salons/4550/reports/services/summary?range=today
Request URI:	https://www.testnearz.co.in/salons/4550/reports/staff_performance/summary?range=today
Request URI:	https://www.testnearz.co.in/salons/4550/reports/profit/summary?range=today
Request URI:	https://www.testnearz.co.in/salons/4550/enquiries
Request URI:	https://www.testnearz.co.in/salons/4550/enquiries/605/convert
Request URI:	https://www.testnearz.co.in/appointments
Request URI:	https://www.testnearz.co.in/appointments/11105/status
Request URI:	https://www.testnearz.co.in/appointments
Request URI:	https://www.testnearz.co.in/appointments/11106/status
Request URI:	https://www.testnearz.co.in/api/v1/billing/bills
Request URI:	https://www.testnearz.co.in/api/v1/billing/bills/921
Request URI:	https://www.testnearz.co.in/api/v1/billing/bills/921/finalize
Request URI:	https://www.testnearz.co.in/salons/4550/reports/sales/summary?range=today
Request URI:	https://www.testnearz.co.in/salons/4550/reports/payments/summary?range=today
Request URI:	https://www.testnearz.co.in/salons/4550/reports/customers/summary?range=today
Request URI:	https://www.testnearz.co.in/salons/4550/reports/services/summary?range=today
Request URI:	https://www.testnearz.co.in/salons/4550/reports/staff_performance/summary?range=today
Request URI:	https://www.testnearz.co.in/salons/4550/reports/profit/summary?range=today
Request URI:	https://www.testnearz.co.in/salons/4550/appointments?date=2026-08-30&per_page=200
Request URI:	https://www.testnearz.co.in/api/v1/billing/bills/921
Request URI:	https://www.testnearz.co.in/salons/4550/reports/sales/summary?range=today
Request URI:	https://www.testnearz.co.in/salons/4550/reports/payments/summary?range=today
Request URI:	https://www.testnearz.co.in/salons/4550/reports/customers/summary?range=today
Request URI:	https://www.testnearz.co.in/salons/4550/reports/services/summary?range=today
Request URI:	https://www.testnearz.co.in/salons/4550/reports/staff_performance/summary?range=today
Request URI:	https://www.testnearz.co.in/salons/4550/reports/profit/summary?range=today
Request URI:	https://www.testnearz.co.in/salons/4550/enquiries
Request URI:	https://www.testnearz.co.in/salons/4550/enquiries/606/convert
Request URI:	https://www.testnearz.co.in/appointments
Request URI:	https://www.testnearz.co.in/appointments/11107/status
Request URI:	https://www.testnearz.co.in/api/v1/billing/bills
Request URI:	https://www.testnearz.co.in/api/v1/billing/bills/922
Request URI:	https://www.testnearz.co.in/api/v1/billing/bills/922/finalize
Request URI:	https://www.testnearz.co.in/api/v1/billing/bills/922/refund
Request URI:	https://www.testnearz.co.in/salons/4550/reports/sales/summary?range=today
Request URI:	https://www.testnearz.co.in/salons/4550/reports/payments/summary?range=today
Request URI:	https://www.testnearz.co.in/salons/4550/reports/customers/summary?range=today
Request URI:	https://www.testnearz.co.in/salons/4550/reports/services/summary?range=today
Request URI:	https://www.testnearz.co.in/salons/4550/reports/staff_performance/summary?range=today
Request URI:	https://www.testnearz.co.in/salons/4550/reports/profit/summary?range=today
Request URI:	https://www.testnearz.co.in/api/v1/billing/bills/922
Request URI:	https://www.testnearz.co.in/salons/4550/reports/sales/summary?range=today
Request URI:	https://www.testnearz.co.in/salons/4550/reports/payments/summary?range=today
Request URI:	https://www.testnearz.co.in/salons/4550/reports/customers/summary?range=today
Request URI:	https://www.testnearz.co.in/salons/4550/reports/services/summary?range=today
Request URI:	https://www.testnearz.co.in/salons/4550/reports/staff_performance/summary?range=today
Request URI:	https://www.testnearz.co.in/salons/4550/reports/profit/summary?range=today
Request URI:	https://www.testnearz.co.in/salons/4550/enquiries
Request URI:	https://www.testnearz.co.in/salons/4550/enquiries/607/convert
Request URI:	https://www.testnearz.co.in/appointments
Request URI:	https://www.testnearz.co.in/appointments/11108/status
Request URI:	https://www.testnearz.co.in/api/v1/billing/bills
Request URI:	https://www.testnearz.co.in/api/v1/billing/bills/923
Request URI:	https://www.testnearz.co.in/api/v1/billing/bills/923/finalize
Request URI:	https://www.testnearz.co.in/api/v1/billing/bills
Request URI:	https://www.testnearz.co.in/api/v1/billing/bills/924
Request URI:	https://www.testnearz.co.in/api/v1/billing/bills/924/finalize
Request URI:	https://www.testnearz.co.in/salons/4550/reports/sales/summary?range=today
Request URI:	https://www.testnearz.co.in/salons/4550/reports/payments/summary?range=today
Request URI:	https://www.testnearz.co.in/salons/4550/reports/customers/summary?range=today
Request URI:	https://www.testnearz.co.in/salons/4550/reports/services/summary?range=today
Request URI:	https://www.testnearz.co.in/salons/4550/reports/staff_performance/summary?range=today
Request URI:	https://www.testnearz.co.in/salons/4550/reports/profit/summary?range=today
Request URI:	https://www.testnearz.co.in/salons/4550/reports/sales/summary?range=today
Request URI:	https://www.testnearz.co.in/salons/4550/reports/payments/summary?range=today
Request URI:	https://www.testnearz.co.in/salons/4550/reports/customers/summary?range=today
Request URI:	https://www.testnearz.co.in/salons/4550/reports/services/summary?range=today
Request URI:	https://www.testnearz.co.in/salons/4550/reports/staff_performance/summary?range=today
Request URI:	https://www.testnearz.co.in/salons/4550/reports/profit/summary?range=today
Request URI:	https://www.testnearz.co.in/salons/4550/enquiries
Request URI:	https://www.testnearz.co.in/salons/4550/enquiries/608/convert
Request URI:	https://www.testnearz.co.in/appointments
Request URI:	https://www.testnearz.co.in/appointments/11109/status
Request URI:	https://www.testnearz.co.in/api/v1/billing/bills
Request URI:	https://www.testnearz.co.in/api/v1/billing/bills/925
Request URI:	https://www.testnearz.co.in/api/v1/billing/bills/925/finalize
Request URI:	https://www.testnearz.co.in/api/v1/billing/bills/925/refund
Request URI:	https://www.testnearz.co.in/appointments
Request URI:	https://www.testnearz.co.in/appointments/11110/status
Request URI:	https://www.testnearz.co.in/api/v1/billing/bills
Request URI:	https://www.testnearz.co.in/api/v1/billing/bills/926
Request URI:	https://www.testnearz.co.in/api/v1/billing/bills/926/finalize
Request URI:	https://www.testnearz.co.in/salons/4550/reports/sales/summary?range=today
Request URI:	https://www.testnearz.co.in/salons/4550/reports/payments/summary?range=today
Request URI:	https://www.testnearz.co.in/salons/4550/reports/customers/summary?range=today
Request URI:	https://www.testnearz.co.in/salons/4550/reports/services/summary?range=today
Request URI:	https://www.testnearz.co.in/salons/4550/reports/staff_performance/summary?range=today
Request URI:	https://www.testnearz.co.in/salons/4550/reports/profit/summary?range=today
Request URI:	https://www.testnearz.co.in/api/v1/billing/bills/926
Request URI:	https://www.testnearz.co.in/salons/4550/enquiries
Request URI:	https://www.testnearz.co.in/salons/4550/enquiries/609/convert
Request URI:	https://www.testnearz.co.in/api/v1/billing/customers/search?q=9000003288
Request URI:	https://www.testnearz.co.in/appointments
Request URI:	https://www.testnearz.co.in/appointments/11111/status
Request URI:	https://www.testnearz.co.in/api/v1/billing/bills
Request URI:	https://www.testnearz.co.in/api/v1/billing/bills/927
Request URI:	https://www.testnearz.co.in/api/v1/billing/bills/927/finalize
Request URI:	https://www.testnearz.co.in/api/v1/billing/bills/927
Request URI:	https://www.testnearz.co.in/salons/4550/enquiries
Request URI:	https://www.testnearz.co.in/salons/4550/enquiries/610/convert
Request URI:	https://www.testnearz.co.in/api/v1/billing/customers/search?q=QA%20E2E-022%209000057209
Request URI:	https://www.testnearz.co.in/appointments
Request URI:	https://www.testnearz.co.in/appointments/11112/status
Request URI:	https://www.testnearz.co.in/api/v1/billing/bills
Request URI:	https://www.testnearz.co.in/api/v1/billing/bills/928
Request URI:	https://www.testnearz.co.in/api/v1/billing/bills/928/finalize
Request URI:	https://www.testnearz.co.in/api/v1/billing/bills/928
Request URI:	https://www.testnearz.co.in/salons/4550/enquiries
Request URI:	https://www.testnearz.co.in/salons/4550/enquiries/611/convert
Request URI:	https://www.testnearz.co.in/api/v1/billing/customers/search?q=9000121021
Request URI:	https://www.testnearz.co.in/salons/4550/enquiries
Request URI:	https://www.testnearz.co.in/salons/4550/enquiries/612/convert
Request URI:	https://www.testnearz.co.in/salons/4550/enquiries
Request URI:	https://www.testnearz.co.in/api/v1/billing/customers/search?q=9000138232
Request URI:	https://www.testnearz.co.in/salons/4550/reports/sales/summary?range=today
Request URI:	https://www.testnearz.co.in/salons/4550/reports/payments/summary?range=today
Request URI:	https://www.testnearz.co.in/salons/4550/reports/customers/summary?range=today
Request URI:	https://www.testnearz.co.in/salons/4550/reports/services/summary?range=today
Request URI:	https://www.testnearz.co.in/salons/4550/reports/staff_performance/summary?range=today
Request URI:	https://www.testnearz.co.in/salons/4550/reports/profit/summary?range=today
Request URI:	https://www.testnearz.co.in/salons/4550/enquiries
Request URI:	https://www.testnearz.co.in/salons/4550/enquiries/613/convert
Request URI:	https://www.testnearz.co.in/appointments
Request URI:	https://www.testnearz.co.in/appointments/11113/status
Request URI:	https://www.testnearz.co.in/api/v1/billing/bills
Request URI:	https://www.testnearz.co.in/api/v1/billing/bills/929
Request URI:	https://www.testnearz.co.in/api/v1/billing/bills/929/finalize
Request URI:	https://www.testnearz.co.in/salons/4550/reports/sales/summary?range=today
Request URI:	https://www.testnearz.co.in/salons/4550/reports/payments/summary?range=today
Request URI:	https://www.testnearz.co.in/salons/4550/reports/customers/summary?range=today
Request URI:	https://www.testnearz.co.in/salons/4550/reports/services/summary?range=today
Request URI:	https://www.testnearz.co.in/salons/4550/reports/staff_performance/summary?range=today
Request URI:	https://www.testnearz.co.in/salons/4550/reports/profit/summary?range=today
Request URI:	https://www.testnearz.co.in/api/v1/billing/bills/929
Request URI:	https://www.testnearz.co.in/salons/4550/salon_customer_profiles/814
Request URI:	https://www.testnearz.co.in/api/v1/billing/bills/929
[ERROR] Tests run: 23, Failures: 1, Errors: 0, Skipped: 1, Time elapsed: 261.5 s <<< FAILURE! -- in com.nearz.api.Block1EnquiryTest
[ERROR] com.nearz.api.Block1EnquiryTest.d16_swappedServiceKeepsOldPrice -- Time elapsed: 8.342 s <<< FAILURE!
java.lang.AssertionError: the appointment was swapped onto QA Blow Dry but still shows 1000.0 - the price of the service it no longer has. Expected 600.0. See AppointmentService's before_create :set_amount, which an update never fires. expected [0] but found [1]
	at org.testng.Assert.fail(Assert.java:111)
	at org.testng.Assert.failNotEquals(Assert.java:1578)
	at org.testng.Assert.assertEqualsImpl(Assert.java:150)
	at org.testng.Assert.assertEquals(Assert.java:132)
	at org.testng.Assert.assertEquals(Assert.java:1419)
	at org.testng.Assert.assertEquals(Assert.java:1383)
	at com.nearz.api.Block1EnquiryTest.d16_swappedServiceKeepsOldPrice(Block1EnquiryTest.java:315)
	at java.base/jdk.internal.reflect.DirectMethodHandleAccessor.invoke(DirectMethodHandleAccessor.java:104)
	at java.base/java.lang.reflect.Method.invoke(Method.java:565)
	at org.testng.internal.invokers.MethodInvocationHelper.invokeMethod(MethodInvocationHelper.java:141)
	at org.testng.internal.invokers.TestInvoker.invokeMethod(TestInvoker.java:686)
	at org.testng.internal.invokers.TestInvoker.invokeTestMethod(TestInvoker.java:230)
	at org.testng.internal.invokers.MethodRunner.runInSequence(MethodRunner.java:63)
	at org.testng.internal.invokers.TestInvoker$MethodInvocationAgent.invoke(TestInvoker.java:992)
	at org.testng.internal.invokers.TestInvoker.invokeTestMethods(TestInvoker.java:203)
	at org.testng.internal.invokers.TestMethodWorker.invokeTestMethods(TestMethodWorker.java:154)
	at org.testng.internal.invokers.TestMethodWorker.run(TestMethodWorker.java:134)
	at java.base/java.util.ArrayList.forEach(ArrayList.java:1612)
	at org.testng.TestRunner.privateRun(TestRunner.java:739)
	at org.testng.TestRunner.run(TestRunner.java:614)
	at org.testng.SuiteRunner.runTest(SuiteRunner.java:421)
	at org.testng.SuiteRunner.runSequentially(SuiteRunner.java:413)
	at org.testng.SuiteRunner.privateRun(SuiteRunner.java:373)
	at org.testng.SuiteRunner.run(SuiteRunner.java:312)
	at org.testng.SuiteRunnerWorker.runSuite(SuiteRunnerWorker.java:52)
	at org.testng.SuiteRunnerWorker.run(SuiteRunnerWorker.java:95)
	at org.testng.TestNG.runSuitesSequentially(TestNG.java:1274)
	at org.testng.TestNG.runSuitesLocally(TestNG.java:1208)
	at org.testng.TestNG.runSuites(TestNG.java:1112)
	at org.testng.TestNG.run(TestNG.java:1079)
	at org.apache.maven.surefire.testng.TestNGExecutor.run(TestNGExecutor.java:155)
	at org.apache.maven.surefire.testng.TestNGDirectoryTestSuite.executeSingleClass(TestNGDirectoryTestSuite.java:102)
	at org.apache.maven.surefire.testng.TestNGDirectoryTestSuite.execute(TestNGDirectoryTestSuite.java:91)
	at org.apache.maven.surefire.testng.TestNGProvider.invoke(TestNGProvider.java:137)
	at org.apache.maven.surefire.booter.ForkedBooter.runSuitesInProcess(ForkedBooter.java:385)
	at org.apache.maven.surefire.booter.ForkedBooter.execute(ForkedBooter.java:162)
	at org.apache.maven.surefire.booter.ForkedBooter.run(ForkedBooter.java:507)
	at org.apache.maven.surefire.booter.ForkedBooter.main(ForkedBooter.java:495)

[INFO] 
[INFO] Results:
[INFO] 
[ERROR] Failures: 
[ERROR]   Block1EnquiryTest.d16_swappedServiceKeepsOldPrice:315 the appointment was swapped onto QA Blow Dry but still shows 1000.0 - the price of the service it no longer has. Expected 600.0. See AppointmentService's before_create :set_amount, which an update never fires. expected [0] but found [1]
[INFO] 
[ERROR] Tests run: 23, Failures: 1, Errors: 0, Skipped: 1
[INFO] 
[INFO] ------------------------------------------------------------------------
[INFO] BUILD FAILURE
[INFO] ------------------------------------------------------------------------
[INFO] Total time:  04:26 min
[INFO] Finished at: 2026-08-30T13:27:09+05:30
[INFO] ------------------------------------------------------------------------
[ERROR] Failed to execute goal org.apache.maven.plugins:maven-surefire-plugin:3.2.5:test (default-test) on project nearz-api-tests: There are test failures.
[ERROR] 
[ERROR] Please refer to C:\Users\saura\Documents\api-service\nearz-api-tests\target\surefire-reports for the individual test results.
[ERROR] Please refer to dump files (if any exist) [date].dump, [date]-jvmRun[N].dump and [date].dumpstream.
[ERROR] -> [Help 1]
[ERROR] 
[ERROR] To see the full stack trace of the errors, re-run Maven with the -e switch.
[ERROR] Re-run Maven using the -X switch to enable full debug logging.
[ERROR] 
[ERROR] For more information about the errors and possible solutions, please read the following articles:
[ERROR] [Help 1] http://cwiki.apache.org/confluence/display/MAVEN/MojoFailureException
