[INFO] Scanning for projects...
[INFO] 
[INFO] ---------------------< com.nearz:nearz-api-tests >----------------------
[INFO] Building Nearz API end-to-end journey tests 1.0.0
[INFO]   from pom.xml
[INFO] --------------------------------[ jar ]---------------------------------
[INFO] 
[INFO] --- resources:3.4.0:resources (default-resources) @ nearz-api-tests ---
[INFO] skip non existing resourceDirectory C:\Users\saura\Documents\api-service\nearz-api-tests\src\main\resources
[INFO] 
[INFO] --- compiler:3.15.0:compile (default-compile) @ nearz-api-tests ---
[INFO] No sources to compile
[INFO] 
[INFO] --- resources:3.4.0:testResources (default-testResources) @ nearz-api-tests ---
[INFO] Copying 2 resources from src\test\resources to target\test-classes
[INFO] 
[INFO] --- compiler:3.15.0:testCompile (default-testCompile) @ nearz-api-tests ---
[INFO] Nothing to compile - all classes are up to date.
[INFO] 
[INFO] --- surefire:3.2.5:test (default-test) @ nearz-api-tests ---
[INFO] Using auto detected provider org.apache.maven.surefire.testng.TestNGProvider
[INFO] 
[INFO] -------------------------------------------------------
[INFO]  T E S T S
[INFO] -------------------------------------------------------
[INFO] Running com.nearz.api.Block4AppointmentTest
Request URI:	https://www.testnearz.co.in/salons/4550/working_days
Request URI:	https://www.testnearz.co.in/api/v1/billing/tax_config
Request URI:	https://www.testnearz.co.in/salons/4550/settings
Request URI:	https://www.testnearz.co.in/api/v1/billing/services?per_page=200
Request URI:	https://www.testnearz.co.in/api/v1/billing/staff
Request URI:	https://www.testnearz.co.in/api/v1/billing/products?per_page=200
Request URI:	https://www.testnearz.co.in/salons/4550/reports/sales/summary?range=today&_qa=496392684654500
Request URI:	https://www.testnearz.co.in/salons/4550/reports/payments/summary?range=today&_qa=496393221922200
Request URI:	https://www.testnearz.co.in/salons/4550/reports/customers/summary?range=today&_qa=496393701136800
Request URI:	https://www.testnearz.co.in/salons/4550/reports/services/summary?range=today&_qa=496394863549000
Request URI:	https://www.testnearz.co.in/salons/4550/reports/staff_performance/summary?range=today&_qa=496395343119000
Request URI:	https://www.testnearz.co.in/salons/4550/reports/profit/summary?range=today&_qa=496395853923700
Request URI:	https://www.testnearz.co.in/salons/4550/reports/appointments/summary?range=today&_qa=496396307394900
Request URI:	https://www.testnearz.co.in/salons/4550/enquiries
Request URI:	https://www.testnearz.co.in/salons/4550/enquiries/640/convert
Request URI:	https://www.testnearz.co.in/salons/4550/appointments?date=2026-08-30&page=1&per_page=100
Request URI:	https://www.testnearz.co.in/salons/4550/appointments?date=2026-08-30&page=2&per_page=100
Request URI:	https://www.testnearz.co.in/salons/4550/appointments?date=2026-08-30&page=3&per_page=100
Request URI:	https://www.testnearz.co.in/salons/4550/appointments?date=2026-08-30&page=4&per_page=100
Request URI:	https://www.testnearz.co.in/salons/4550/appointments?date=2026-08-30&page=5&per_page=100
Request URI:	https://www.testnearz.co.in/salons/4550/appointments?date=2026-08-30&page=6&per_page=100
Request URI:	https://www.testnearz.co.in/salons/4550/appointments?date=2026-08-30&page=7&per_page=100
Request URI:	https://www.testnearz.co.in/salons/4550/appointments?date=2026-08-30&page=8&per_page=100
Request URI:	https://www.testnearz.co.in/salons/4550/appointments?date=2026-08-30&page=9&per_page=100
Request URI:	https://www.testnearz.co.in/salons/4550/appointments?date=2026-08-30&page=10&per_page=100
Request URI:	https://www.testnearz.co.in/salons/4550/appointments?date=2026-08-30&page=11&per_page=100
Request URI:	https://www.testnearz.co.in/salons/4550/appointments?date=2026-08-30&page=12&per_page=100
Request URI:	https://www.testnearz.co.in/salons/4550/appointments?date=2026-08-30&page=13&per_page=100
Request URI:	https://www.testnearz.co.in/salons/4550/appointments?date=2026-08-30&page=14&per_page=100
Request URI:	https://www.testnearz.co.in/salons/4550/appointments?date=2026-08-30&page=15&per_page=100
Request URI:	https://www.testnearz.co.in/salons/4550/appointments?date=2026-08-30&page=16&per_page=100
Request URI:	https://www.testnearz.co.in/salons/4550/appointments?date=2026-08-30&page=17&per_page=100
Request URI:	https://www.testnearz.co.in/salons/4550/appointments?date=2026-08-30&page=18&per_page=100
Request URI:	https://www.testnearz.co.in/salons/4550/appointments?date=2026-08-30&page=19&per_page=100
Request URI:	https://www.testnearz.co.in/salons/4550/appointments?date=2026-08-30&page=20&per_page=100
Request URI:	https://www.testnearz.co.in/appointments
Request URI:	https://www.testnearz.co.in/appointments
Request URI:	https://www.testnearz.co.in/appointments
Request URI:	https://www.testnearz.co.in/appointments
Request URI:	https://www.testnearz.co.in/appointments
Request URI:	https://www.testnearz.co.in/appointments/11147/status
Request URI:	https://www.testnearz.co.in/api/v1/billing/bills
Request URI:	https://www.testnearz.co.in/api/v1/billing/bills/945
Request URI:	https://www.testnearz.co.in/api/v1/billing/bills/945/finalize
Request URI:	https://www.testnearz.co.in/salons/4550/reports/sales/summary?range=today&_qa=496419127860200
Request URI:	https://www.testnearz.co.in/salons/4550/reports/payments/summary?range=today&_qa=496419587551200
Request URI:	https://www.testnearz.co.in/salons/4550/reports/customers/summary?range=today&_qa=496420036161700
Request URI:	https://www.testnearz.co.in/salons/4550/reports/services/summary?range=today&_qa=496420641910000
Request URI:	https://www.testnearz.co.in/salons/4550/reports/staff_performance/summary?range=today&_qa=496421082415300
Request URI:	https://www.testnearz.co.in/salons/4550/reports/profit/summary?range=today&_qa=496421576885800
Request URI:	https://www.testnearz.co.in/salons/4550/reports/appointments/summary?range=today&_qa=496422104893300
Request URI:	https://www.testnearz.co.in/salons/4550/appointments?date=2026-08-30&per_page=200
Request URI:	https://www.testnearz.co.in/api/v1/billing/bills/945
Request URI:	https://www.testnearz.co.in/salons/4550/reports/appointments/summary?range=today&_qa=496423699016700
Request URI:	https://www.testnearz.co.in/salons/4550/enquiries
Request URI:	https://www.testnearz.co.in/salons/4550/enquiries/641/convert
Request URI:	https://www.testnearz.co.in/appointments
Request URI:	https://www.testnearz.co.in/appointments/11148
Request URI:	https://www.testnearz.co.in/salons/4550/reports/appointments/summary?range=today&_qa=496426384141300
Request URI:	https://www.testnearz.co.in/salons/4550/reports/sales/summary?range=today&_qa=496426827885500
Request URI:	https://www.testnearz.co.in/salons/4550/reports/payments/summary?range=today&_qa=496427287307900
Request URI:	https://www.testnearz.co.in/salons/4550/reports/customers/summary?range=today&_qa=496427691057200
Request URI:	https://www.testnearz.co.in/salons/4550/reports/services/summary?range=today&_qa=496428179860400
Request URI:	https://www.testnearz.co.in/salons/4550/reports/staff_performance/summary?range=today&_qa=496428693351200
Request URI:	https://www.testnearz.co.in/salons/4550/reports/profit/summary?range=today&_qa=496429229947400
Request URI:	https://www.testnearz.co.in/salons/4550/reports/appointments/summary?range=today&_qa=496429704742800
Request URI:	https://www.testnearz.co.in/salons/4550/enquiries
Request URI:	https://www.testnearz.co.in/salons/4550/enquiries/642/convert
Request URI:	https://www.testnearz.co.in/appointments
Request URI:	https://www.testnearz.co.in/appointments/11149
Request URI:	https://www.testnearz.co.in/appointments/11149
Request URI:	https://www.testnearz.co.in/appointments/11149
Request URI:	https://www.testnearz.co.in/appointments/11149
Request URI:	https://www.testnearz.co.in/appointments/11149
Request URI:	https://www.testnearz.co.in/appointments/11149
Request URI:	https://www.testnearz.co.in/appointments/11149
Request URI:	https://www.testnearz.co.in/appointments/11149
Request URI:	https://www.testnearz.co.in/appointments/11149
Request URI:	https://www.testnearz.co.in/appointments/11149/status
Request URI:	https://www.testnearz.co.in/api/v1/billing/bills
Request URI:	https://www.testnearz.co.in/api/v1/billing/bills/946
Request URI:	https://www.testnearz.co.in/api/v1/billing/bills/946/finalize
Request URI:	https://www.testnearz.co.in/salons/4550/reports/sales/summary?range=today&_qa=496439425972800
Request URI:	https://www.testnearz.co.in/salons/4550/reports/payments/summary?range=today&_qa=496440728287800
Request URI:	https://www.testnearz.co.in/salons/4550/reports/customers/summary?range=today&_qa=496441381917200
Request URI:	https://www.testnearz.co.in/salons/4550/reports/services/summary?range=today&_qa=496441861065600
Request URI:	https://www.testnearz.co.in/salons/4550/reports/staff_performance/summary?range=today&_qa=496442884830800
Request URI:	https://www.testnearz.co.in/salons/4550/reports/profit/summary?range=today&_qa=496445249055200
Request URI:	https://www.testnearz.co.in/salons/4550/reports/appointments/summary?range=today&_qa=496445674494300
Request URI:	https://www.testnearz.co.in/salons/4550/reports/sales/summary?range=today&_qa=496446154919400
Request URI:	https://www.testnearz.co.in/salons/4550/reports/payments/summary?range=today&_qa=496446829370000
Request URI:	https://www.testnearz.co.in/salons/4550/reports/customers/summary?range=today&_qa=496447305153300
Request URI:	https://www.testnearz.co.in/salons/4550/reports/services/summary?range=today&_qa=496447773208300
Request URI:	https://www.testnearz.co.in/salons/4550/reports/staff_performance/summary?range=today&_qa=496448160555400
Request URI:	https://www.testnearz.co.in/salons/4550/reports/profit/summary?range=today&_qa=496449125337600
Request URI:	https://www.testnearz.co.in/salons/4550/reports/appointments/summary?range=today&_qa=496449573381100
Request URI:	https://www.testnearz.co.in/salons/4550/enquiries
Request URI:	https://www.testnearz.co.in/salons/4550/enquiries/643/convert
Request URI:	https://www.testnearz.co.in/appointments
Request URI:	https://www.testnearz.co.in/appointments/11150
Request URI:	https://www.testnearz.co.in/api/v1/billing/services?per_page=200
Request URI:	https://www.testnearz.co.in/api/v1/billing/staff
Request URI:	https://www.testnearz.co.in/appointments/11150
Request URI:	https://www.testnearz.co.in/appointments/11150
Request URI:	https://www.testnearz.co.in/appointments/11150/status
Request URI:	https://www.testnearz.co.in/api/v1/billing/bills
Request URI:	https://www.testnearz.co.in/api/v1/billing/bills/947
Request URI:	https://www.testnearz.co.in/api/v1/billing/bills/947/finalize
Request URI:	https://www.testnearz.co.in/salons/4550/reports/sales/summary?range=today&_qa=496456736392400
Request URI:	https://www.testnearz.co.in/salons/4550/reports/payments/summary?range=today&_qa=496457191630800
Request URI:	https://www.testnearz.co.in/salons/4550/reports/customers/summary?range=today&_qa=496457750966000
Request URI:	https://www.testnearz.co.in/salons/4550/reports/services/summary?range=today&_qa=496458269763300
Request URI:	https://www.testnearz.co.in/salons/4550/reports/staff_performance/summary?range=today&_qa=496458819143600
Request URI:	https://www.testnearz.co.in/salons/4550/reports/profit/summary?range=today&_qa=496459218880800
Request URI:	https://www.testnearz.co.in/salons/4550/reports/appointments/summary?range=today&_qa=496459691202100
Request URI:	https://www.testnearz.co.in/salons/4550/reports/sales/summary?range=today&_qa=496460148754900
Request URI:	https://www.testnearz.co.in/salons/4550/reports/payments/summary?range=today&_qa=496460603274200
Request URI:	https://www.testnearz.co.in/salons/4550/reports/customers/summary?range=today&_qa=496461003550700
Request URI:	https://www.testnearz.co.in/salons/4550/reports/services/summary?range=today&_qa=496461543958400
Request URI:	https://www.testnearz.co.in/salons/4550/reports/staff_performance/summary?range=today&_qa=496461931317500
Request URI:	https://www.testnearz.co.in/salons/4550/reports/profit/summary?range=today&_qa=496462346538900
Request URI:	https://www.testnearz.co.in/salons/4550/reports/appointments/summary?range=today&_qa=496462809850700
Request URI:	https://www.testnearz.co.in/salons/4550/enquiries
Request URI:	https://www.testnearz.co.in/salons/4550/enquiries/644/convert
Request URI:	https://www.testnearz.co.in/appointments
Request URI:	https://www.testnearz.co.in/appointments/11151
Request URI:	https://www.testnearz.co.in/appointments/11151/status
Request URI:	https://www.testnearz.co.in/api/v1/billing/bills
Request URI:	https://www.testnearz.co.in/api/v1/billing/bills/948
Request URI:	https://www.testnearz.co.in/api/v1/billing/bills/948/finalize
Request URI:	https://www.testnearz.co.in/salons/4550/reports/sales/summary?range=today&_qa=496469169015100
Request URI:	https://www.testnearz.co.in/salons/4550/reports/payments/summary?range=today&_qa=496469614196800
Request URI:	https://www.testnearz.co.in/salons/4550/reports/customers/summary?range=today&_qa=496470063597800
Request URI:	https://www.testnearz.co.in/salons/4550/reports/services/summary?range=today&_qa=496470520985900
Request URI:	https://www.testnearz.co.in/salons/4550/reports/staff_performance/summary?range=today&_qa=496470963959100
Request URI:	https://www.testnearz.co.in/salons/4550/reports/profit/summary?range=today&_qa=496471360439200
Request URI:	https://www.testnearz.co.in/salons/4550/reports/appointments/summary?range=today&_qa=496471782398100
Request URI:	https://www.testnearz.co.in/salons/4550/reports/sales/summary?range=today&_qa=496472264415800
Request URI:	https://www.testnearz.co.in/salons/4550/reports/payments/summary?range=today&_qa=496472758713000
Request URI:	https://www.testnearz.co.in/salons/4550/reports/customers/summary?range=today&_qa=496473245433500
Request URI:	https://www.testnearz.co.in/salons/4550/reports/services/summary?range=today&_qa=496473716158600
Request URI:	https://www.testnearz.co.in/salons/4550/reports/staff_performance/summary?range=today&_qa=496474166934700
Request URI:	https://www.testnearz.co.in/salons/4550/reports/profit/summary?range=today&_qa=496474567647600
Request URI:	https://www.testnearz.co.in/salons/4550/reports/appointments/summary?range=today&_qa=496475053259900
Request URI:	https://www.testnearz.co.in/salons/4550/enquiries
Request URI:	https://www.testnearz.co.in/salons/4550/enquiries/645/convert
Request URI:	https://www.testnearz.co.in/appointments
Request URI:	https://www.testnearz.co.in/appointments/11152
Request URI:	https://www.testnearz.co.in/appointments/11152/status
Request URI:	https://www.testnearz.co.in/api/v1/billing/bills
Request URI:	https://www.testnearz.co.in/api/v1/billing/bills/949
Request URI:	https://www.testnearz.co.in/api/v1/billing/bills/949/finalize
Request URI:	https://www.testnearz.co.in/salons/4550/reports/sales/summary?range=today&_qa=496479930696000
Request URI:	https://www.testnearz.co.in/salons/4550/reports/payments/summary?range=today&_qa=496480345717500
Request URI:	https://www.testnearz.co.in/salons/4550/reports/customers/summary?range=today&_qa=496480789645400
Request URI:	https://www.testnearz.co.in/salons/4550/reports/services/summary?range=today&_qa=496481293008700
Request URI:	https://www.testnearz.co.in/salons/4550/reports/staff_performance/summary?range=today&_qa=496481758679200
Request URI:	https://www.testnearz.co.in/salons/4550/reports/profit/summary?range=today&_qa=496482165218900
Request URI:	https://www.testnearz.co.in/salons/4550/reports/appointments/summary?range=today&_qa=496482658420300
Request URI:	https://www.testnearz.co.in/salons/4550/reports/sales/summary?range=today&_qa=496483094270000
Request URI:	https://www.testnearz.co.in/salons/4550/reports/payments/summary?range=today&_qa=496483512894800
Request URI:	https://www.testnearz.co.in/salons/4550/reports/customers/summary?range=today&_qa=496483971736200
Request URI:	https://www.testnearz.co.in/salons/4550/reports/services/summary?range=today&_qa=496484455435800
Request URI:	https://www.testnearz.co.in/salons/4550/reports/staff_performance/summary?range=today&_qa=496484846696600
Request URI:	https://www.testnearz.co.in/salons/4550/reports/profit/summary?range=today&_qa=496485342636500
Request URI:	https://www.testnearz.co.in/salons/4550/reports/appointments/summary?range=today&_qa=496485754729600
Request URI:	https://www.testnearz.co.in/salons/4550/enquiries
Request URI:	https://www.testnearz.co.in/salons/4550/enquiries/646/convert
Request URI:	https://www.testnearz.co.in/appointments
Request URI:	https://www.testnearz.co.in/appointments/11153/status
Request URI:	https://www.testnearz.co.in/salons/4550/appointments?date=2026-08-30&per_page=200
Request URI:	https://www.testnearz.co.in/appointments/11153/status
Request URI:	https://www.testnearz.co.in/salons/4550/appointments?date=2026-08-30&per_page=200
Request URI:	https://www.testnearz.co.in/appointments/11153/status
Request URI:	https://www.testnearz.co.in/salons/4550/appointments?date=2026-08-30&per_page=200
Request URI:	https://www.testnearz.co.in/api/v1/billing/bills
Request URI:	https://www.testnearz.co.in/api/v1/billing/bills/950
Request URI:	https://www.testnearz.co.in/api/v1/billing/bills/950/finalize
Request URI:	https://www.testnearz.co.in/salons/4550/reports/sales/summary?range=today&_qa=496493411156400
Request URI:	https://www.testnearz.co.in/salons/4550/reports/payments/summary?range=today&_qa=496493807780800
Request URI:	https://www.testnearz.co.in/salons/4550/reports/customers/summary?range=today&_qa=496494225152700
Request URI:	https://www.testnearz.co.in/salons/4550/reports/services/summary?range=today&_qa=496494692319900
Request URI:	https://www.testnearz.co.in/salons/4550/reports/staff_performance/summary?range=today&_qa=496495099685500
Request URI:	https://www.testnearz.co.in/salons/4550/reports/profit/summary?range=today&_qa=496495765014000
Request URI:	https://www.testnearz.co.in/salons/4550/reports/appointments/summary?range=today&_qa=496496197447000
Request URI:	https://www.testnearz.co.in/salons/4550/reports/sales/summary?range=today&_qa=496496618440800
Request URI:	https://www.testnearz.co.in/salons/4550/reports/payments/summary?range=today&_qa=496497459011700
Request URI:	https://www.testnearz.co.in/salons/4550/reports/customers/summary?range=today&_qa=496497883669400
Request URI:	https://www.testnearz.co.in/salons/4550/reports/services/summary?range=today&_qa=496498345485400
Request URI:	https://www.testnearz.co.in/salons/4550/reports/staff_performance/summary?range=today&_qa=496498764651300
Request URI:	https://www.testnearz.co.in/salons/4550/reports/profit/summary?range=today&_qa=496499174931000
Request URI:	https://www.testnearz.co.in/salons/4550/reports/appointments/summary?range=today&_qa=496499608278800
Request URI:	https://www.testnearz.co.in/salons/4550/enquiries
Request URI:	https://www.testnearz.co.in/salons/4550/enquiries/647/convert
Request URI:	https://www.testnearz.co.in/appointments
Request URI:	https://www.testnearz.co.in/appointments/11154/status
Request URI:	https://www.testnearz.co.in/salons/4550/reports/sales/summary?range=today&_qa=496502774076700
Request URI:	https://www.testnearz.co.in/salons/4550/reports/payments/summary?range=today&_qa=496503224193700
Request URI:	https://www.testnearz.co.in/salons/4550/reports/customers/summary?range=today&_qa=496503673981800
Request URI:	https://www.testnearz.co.in/salons/4550/reports/services/summary?range=today&_qa=496504243114800
Request URI:	https://www.testnearz.co.in/salons/4550/reports/staff_performance/summary?range=today&_qa=496504627451200
Request URI:	https://www.testnearz.co.in/salons/4550/reports/profit/summary?range=today&_qa=496505032771100
Request URI:	https://www.testnearz.co.in/salons/4550/reports/appointments/summary?range=today&_qa=496505453364100
Request URI:	https://www.testnearz.co.in/salons/4550/appointments?date=2026-08-30&per_page=200
Request URI:	https://www.testnearz.co.in/salons/4550/reports/sales/summary?range=today&_qa=496508077414300
Request URI:	https://www.testnearz.co.in/salons/4550/reports/payments/summary?range=today&_qa=496508511398100
Request URI:	https://www.testnearz.co.in/salons/4550/reports/customers/summary?range=today&_qa=496509583962700
Request URI:	https://www.testnearz.co.in/salons/4550/reports/services/summary?range=today&_qa=496510146784300
Request URI:	https://www.testnearz.co.in/salons/4550/reports/staff_performance/summary?range=today&_qa=496510596000600
Request URI:	https://www.testnearz.co.in/salons/4550/reports/profit/summary?range=today&_qa=496511189264000
Request URI:	https://www.testnearz.co.in/salons/4550/reports/appointments/summary?range=today&_qa=496511631518100
Request URI:	https://www.testnearz.co.in/salons/4550/enquiries
Request URI:	https://www.testnearz.co.in/salons/4550/enquiries/648/convert
Request URI:	https://www.testnearz.co.in/appointments
Request URI:	https://www.testnearz.co.in/appointments/11155/status
Request URI:	https://www.testnearz.co.in/salons/4550/reports/sales/summary?range=today&_qa=496515563044500
Request URI:	https://www.testnearz.co.in/salons/4550/reports/payments/summary?range=today&_qa=496515963273600
Request URI:	https://www.testnearz.co.in/salons/4550/reports/customers/summary?range=today&_qa=496516372092900
Request URI:	https://www.testnearz.co.in/salons/4550/reports/services/summary?range=today&_qa=496516848604500
Request URI:	https://www.testnearz.co.in/salons/4550/reports/staff_performance/summary?range=today&_qa=496517218553500
Request URI:	https://www.testnearz.co.in/salons/4550/reports/profit/summary?range=today&_qa=496517658290400
Request URI:	https://www.testnearz.co.in/salons/4550/reports/appointments/summary?range=today&_qa=496518173639700
Request URI:	https://www.testnearz.co.in/salons/4550/appointments?date=2026-08-30&per_page=200
Request URI:	https://www.testnearz.co.in/salons/4550/reports/sales/summary?range=today&_qa=496519240942000
Request URI:	https://www.testnearz.co.in/salons/4550/reports/payments/summary?range=today&_qa=496519661226300
Request URI:	https://www.testnearz.co.in/salons/4550/reports/customers/summary?range=today&_qa=496520058972500
Request URI:	https://www.testnearz.co.in/salons/4550/reports/services/summary?range=today&_qa=496520561043700
Request URI:	https://www.testnearz.co.in/salons/4550/reports/staff_performance/summary?range=today&_qa=496521405645400
Request URI:	https://www.testnearz.co.in/salons/4550/reports/profit/summary?range=today&_qa=496521814982700
Request URI:	https://www.testnearz.co.in/salons/4550/reports/appointments/summary?range=today&_qa=496522219492100
Request URI:	https://www.testnearz.co.in/salons/4550/enquiries
Request URI:	https://www.testnearz.co.in/salons/4550/enquiries/649/convert
Request URI:	https://www.testnearz.co.in/appointments
Request URI:	https://www.testnearz.co.in/appointments/11156/status
Request URI:	https://www.testnearz.co.in/appointments
Request URI:	https://www.testnearz.co.in/appointments/11157/status
Request URI:	https://www.testnearz.co.in/api/v1/billing/bills
Request URI:	https://www.testnearz.co.in/api/v1/billing/bills/951
Request URI:	https://www.testnearz.co.in/api/v1/billing/bills/951/finalize
Request URI:	https://www.testnearz.co.in/salons/4550/reports/sales/summary?range=today&_qa=496528303687600
Request URI:	https://www.testnearz.co.in/salons/4550/reports/payments/summary?range=today&_qa=496528703208800
Request URI:	https://www.testnearz.co.in/salons/4550/reports/customers/summary?range=today&_qa=496529091666400
Request URI:	https://www.testnearz.co.in/salons/4550/reports/services/summary?range=today&_qa=496529563533600
Request URI:	https://www.testnearz.co.in/salons/4550/reports/staff_performance/summary?range=today&_qa=496530035950400
Request URI:	https://www.testnearz.co.in/salons/4550/reports/profit/summary?range=today&_qa=496530469498700
Request URI:	https://www.testnearz.co.in/salons/4550/reports/appointments/summary?range=today&_qa=496530909764700
Request URI:	https://www.testnearz.co.in/salons/4550/appointments?date=2026-08-30&per_page=200
Request URI:	https://www.testnearz.co.in/salons/4550/appointments?date=2026-08-30&per_page=200
Request URI:	https://www.testnearz.co.in/api/v1/billing/bills/951
Request URI:	https://www.testnearz.co.in/salons/4550/reports/sales/summary?range=today&_qa=496533670505500
Request URI:	https://www.testnearz.co.in/salons/4550/reports/payments/summary?range=today&_qa=496534133012100
Request URI:	https://www.testnearz.co.in/salons/4550/reports/customers/summary?range=today&_qa=496534520294300
Request URI:	https://www.testnearz.co.in/salons/4550/reports/services/summary?range=today&_qa=496534994750800
Request URI:	https://www.testnearz.co.in/salons/4550/reports/staff_performance/summary?range=today&_qa=496535410257500
Request URI:	https://www.testnearz.co.in/salons/4550/reports/profit/summary?range=today&_qa=496535837023100
Request URI:	https://www.testnearz.co.in/salons/4550/reports/appointments/summary?range=today&_qa=496537488603900
Request URI:	https://www.testnearz.co.in/salons/4550/enquiries
Request URI:	https://www.testnearz.co.in/salons/4550/enquiries/650/convert
Request URI:	https://www.testnearz.co.in/appointments
Request URI:	https://www.testnearz.co.in/appointments/11158/status
Request URI:	https://www.testnearz.co.in/api/v1/billing/bills
Request URI:	https://www.testnearz.co.in/api/v1/billing/bills/952
Request URI:	https://www.testnearz.co.in/api/v1/billing/bills/952/finalize
Request URI:	https://www.testnearz.co.in/api/v1/billing/bills/952/refund
Request URI:	https://www.testnearz.co.in/salons/4550/reports/sales/summary?range=today&_qa=496542369320800
Request URI:	https://www.testnearz.co.in/salons/4550/reports/payments/summary?range=today&_qa=496542788249400
Request URI:	https://www.testnearz.co.in/salons/4550/reports/customers/summary?range=today&_qa=496543207409700
Request URI:	https://www.testnearz.co.in/salons/4550/reports/services/summary?range=today&_qa=496543699169400
Request URI:	https://www.testnearz.co.in/salons/4550/reports/staff_performance/summary?range=today&_qa=496544139041500
Request URI:	https://www.testnearz.co.in/salons/4550/reports/profit/summary?range=today&_qa=496544567262200
Request URI:	https://www.testnearz.co.in/salons/4550/reports/appointments/summary?range=today&_qa=496545016327400
Request URI:	https://www.testnearz.co.in/api/v1/billing/bills/952
Request URI:	https://www.testnearz.co.in/salons/4550/appointments?date=2026-08-30&per_page=200
Request URI:	https://www.testnearz.co.in/salons/4550/reports/sales/summary?range=today&_qa=496546582029900
Request URI:	https://www.testnearz.co.in/salons/4550/reports/payments/summary?range=today&_qa=496546994343100
Request URI:	https://www.testnearz.co.in/salons/4550/reports/customers/summary?range=today&_qa=496547402250100
Request URI:	https://www.testnearz.co.in/salons/4550/reports/services/summary?range=today&_qa=496547872610200
Request URI:	https://www.testnearz.co.in/salons/4550/reports/staff_performance/summary?range=today&_qa=496548276516600
Request URI:	https://www.testnearz.co.in/salons/4550/reports/profit/summary?range=today&_qa=496548687465500
Request URI:	https://www.testnearz.co.in/salons/4550/reports/appointments/summary?range=today&_qa=496549126513400
Request URI:	https://www.testnearz.co.in/salons/4550/reports/appointments/summary?range=today
Request URI:	https://www.testnearz.co.in/salons/4550/enquiries
Request URI:	https://www.testnearz.co.in/salons/4550/enquiries/651/convert
Request URI:	https://www.testnearz.co.in/appointments
Request URI:	https://www.testnearz.co.in/appointments/11159/status
Request URI:	https://www.testnearz.co.in/salons/4550/reports/sales/summary?range=today&_qa=496552842445200
Request URI:	https://www.testnearz.co.in/salons/4550/reports/payments/summary?range=today&_qa=496553473264900
Request URI:	https://www.testnearz.co.in/salons/4550/reports/customers/summary?range=today&_qa=496553879058000
Request URI:	https://www.testnearz.co.in/salons/4550/reports/services/summary?range=today&_qa=496554347854600
Request URI:	https://www.testnearz.co.in/salons/4550/reports/staff_performance/summary?range=today&_qa=496554784410900
Request URI:	https://www.testnearz.co.in/salons/4550/reports/profit/summary?range=today&_qa=496555201935100
Request URI:	https://www.testnearz.co.in/salons/4550/reports/appointments/summary?range=today&_qa=496555599996500
Request URI:	https://www.testnearz.co.in/salons/4550/appointments?date=2026-08-30&per_page=200
Request URI:	https://www.testnearz.co.in/salons/4550/reports/appointments/summary?range=today
  [D17] the appointment is real (+1.00 uncached) but the dashboard still shows the old figure.
Request URI:	https://www.testnearz.co.in/salons/4550/reports/sales/summary?range=today&_qa=496557125829000
Request URI:	https://www.testnearz.co.in/salons/4550/reports/payments/summary?range=today&_qa=496557511402700
Request URI:	https://www.testnearz.co.in/salons/4550/reports/customers/summary?range=today&_qa=496557927130400
Request URI:	https://www.testnearz.co.in/salons/4550/reports/services/summary?range=today&_qa=496558403629700
Request URI:	https://www.testnearz.co.in/salons/4550/reports/staff_performance/summary?range=today&_qa=496558787872300
Request URI:	https://www.testnearz.co.in/salons/4550/reports/profit/summary?range=today&_qa=496559205261300
Request URI:	https://www.testnearz.co.in/salons/4550/reports/appointments/summary?range=today&_qa=496559606183500
Request URI:	https://www.testnearz.co.in/salons/4550/enquiries
Request URI:	https://www.testnearz.co.in/salons/4550/enquiries/652/convert
Request URI:	https://www.testnearz.co.in/appointments
Request URI:	https://www.testnearz.co.in/api/v1/billing/bills
Request URI:	https://www.testnearz.co.in/api/v1/billing/bills/953
Request URI:	https://www.testnearz.co.in/api/v1/billing/bills/953/finalize
Request URI:	https://www.testnearz.co.in/salons/4550/reports/sales/summary?range=today&_qa=496563387357500
Request URI:	https://www.testnearz.co.in/salons/4550/reports/payments/summary?range=today&_qa=496563815784300
Request URI:	https://www.testnearz.co.in/salons/4550/reports/customers/summary?range=today&_qa=496564200769500
Request URI:	https://www.testnearz.co.in/salons/4550/reports/services/summary?range=today&_qa=496564660608700
Request URI:	https://www.testnearz.co.in/salons/4550/reports/staff_performance/summary?range=today&_qa=496565090415600
Request URI:	https://www.testnearz.co.in/salons/4550/reports/profit/summary?range=today&_qa=496565522728400
Request URI:	https://www.testnearz.co.in/salons/4550/reports/appointments/summary?range=today&_qa=496565939496200
Request URI:	https://www.testnearz.co.in/api/v1/billing/bills/953
Request URI:	https://www.testnearz.co.in/salons/4550/appointments?date=2026-08-30&per_page=200
Request URI:	https://www.testnearz.co.in/salons/4550/reports/sales/summary?range=today&_qa=496567450392500
Request URI:	https://www.testnearz.co.in/salons/4550/reports/payments/summary?range=today&_qa=496567883447600
Request URI:	https://www.testnearz.co.in/salons/4550/reports/customers/summary?range=today&_qa=496568276013200
Request URI:	https://www.testnearz.co.in/salons/4550/reports/services/summary?range=today&_qa=496568747989000
Request URI:	https://www.testnearz.co.in/salons/4550/reports/staff_performance/summary?range=today&_qa=496569421177100
Request URI:	https://www.testnearz.co.in/salons/4550/reports/profit/summary?range=today&_qa=496569866394300
Request URI:	https://www.testnearz.co.in/salons/4550/reports/appointments/summary?range=today&_qa=496570311615200
Request URI:	https://www.testnearz.co.in/salons/4550/enquiries
Request URI:	https://www.testnearz.co.in/salons/4550/enquiries/653/convert
Request URI:	https://www.testnearz.co.in/appointments
Request URI:	https://www.testnearz.co.in/appointments/11161
Request URI:	https://www.testnearz.co.in/appointments/11161/status
Request URI:	https://www.testnearz.co.in/api/v1/billing/bills
Request URI:	https://www.testnearz.co.in/api/v1/billing/bills/954
Request URI:	https://www.testnearz.co.in/api/v1/billing/bills/954/finalize
Request URI:	https://www.testnearz.co.in/salons/4550/reports/sales/summary?range=today&_qa=496575258535400
Request URI:	https://www.testnearz.co.in/salons/4550/reports/payments/summary?range=today&_qa=496575675334000
Request URI:	https://www.testnearz.co.in/salons/4550/reports/customers/summary?range=today&_qa=496576088587400
Request URI:	https://www.testnearz.co.in/salons/4550/reports/services/summary?range=today&_qa=496576566363600
Request URI:	https://www.testnearz.co.in/salons/4550/reports/staff_performance/summary?range=today&_qa=496577053873900
Request URI:	https://www.testnearz.co.in/salons/4550/reports/profit/summary?range=today&_qa=496577437504900
Request URI:	https://www.testnearz.co.in/salons/4550/reports/appointments/summary?range=today&_qa=496577854415400
Request URI:	https://www.testnearz.co.in/api/v1/billing/bills/954
Request URI:	https://www.testnearz.co.in/salons/4550/enquiries
Request URI:	https://www.testnearz.co.in/salons/4550/enquiries/654/convert
Request URI:	https://www.testnearz.co.in/appointments
Request URI:	https://www.testnearz.co.in/appointments/11162
Request URI:	https://www.testnearz.co.in/salons/4550/reports/staff_performance/rows?range=today&limit=200&_qa=496580892590100
Request URI:	https://www.testnearz.co.in/appointments/11162
Request URI:	https://www.testnearz.co.in/appointments/11162
Request URI:	https://www.testnearz.co.in/appointments/11162
Request URI:	https://www.testnearz.co.in/appointments/11162
Request URI:	https://www.testnearz.co.in/appointments/11162
Request URI:	https://www.testnearz.co.in/appointments/11162
Request URI:	https://www.testnearz.co.in/salons/4550/reports/staff_performance/rows?range=today&limit=200&_qa=496584093961400
Request URI:	https://www.testnearz.co.in/appointments/11162/status
Request URI:	https://www.testnearz.co.in/api/v1/billing/bills
Request URI:	https://www.testnearz.co.in/api/v1/billing/bills/955
Request URI:	https://www.testnearz.co.in/api/v1/billing/bills/955/finalize
Request URI:	https://www.testnearz.co.in/salons/4550/reports/staff_performance/rows?range=today&limit=200&_qa=496586606754400
Request URI:	https://www.testnearz.co.in/salons/4550/reports/staff_performance/rows?range=today&limit=200&_qa=496587006716700
Request URI:	https://www.testnearz.co.in/salons/4550/reports/staff_performance/rows?range=today&limit=200&_qa=496587596758600
Request URI:	https://www.testnearz.co.in/salons/4550/reports/sales/summary?range=today&_qa=496588004423000
Request URI:	https://www.testnearz.co.in/salons/4550/reports/payments/summary?range=today&_qa=496588418530600
Request URI:	https://www.testnearz.co.in/salons/4550/reports/customers/summary?range=today&_qa=496588828630800
Request URI:	https://www.testnearz.co.in/salons/4550/reports/services/summary?range=today&_qa=496589280605200
Request URI:	https://www.testnearz.co.in/salons/4550/reports/staff_performance/summary?range=today&_qa=496589692172100
Request URI:	https://www.testnearz.co.in/salons/4550/reports/profit/summary?range=today&_qa=496590087905400
Request URI:	https://www.testnearz.co.in/salons/4550/reports/appointments/summary?range=today&_qa=496590504284900
Request URI:	https://www.testnearz.co.in/salons/4550/enquiries
Request URI:	https://www.testnearz.co.in/salons/4550/enquiries/655/convert
Request URI:	https://www.testnearz.co.in/appointments
Request URI:	https://www.testnearz.co.in/appointments
Request URI:	https://www.testnearz.co.in/appointments/11163
Request URI:	https://www.testnearz.co.in/appointments/11163
Request URI:	https://www.testnearz.co.in/appointments/11163/status
Request URI:	https://www.testnearz.co.in/api/v1/billing/bills
Request URI:	https://www.testnearz.co.in/api/v1/billing/bills/956
Request URI:	https://www.testnearz.co.in/api/v1/billing/bills/956/finalize
Request URI:	https://www.testnearz.co.in/salons/4550/reports/sales/summary?range=today&_qa=496596620879200
Request URI:	https://www.testnearz.co.in/salons/4550/reports/payments/summary?range=today&_qa=496597058079000
Request URI:	https://www.testnearz.co.in/salons/4550/reports/customers/summary?range=today&_qa=496597599265500
Request URI:	https://www.testnearz.co.in/salons/4550/reports/services/summary?range=today&_qa=496598082214600
Request URI:	https://www.testnearz.co.in/salons/4550/reports/staff_performance/summary?range=today&_qa=496598519609000
Request URI:	https://www.testnearz.co.in/salons/4550/reports/profit/summary?range=today&_qa=496599006730100
Request URI:	https://www.testnearz.co.in/salons/4550/reports/appointments/summary?range=today&_qa=496599760350500
Request URI:	https://www.testnearz.co.in/salons/4550/reports/appointments/summary?range=today&_qa=496600315651300
Request URI:	https://www.testnearz.co.in/salons/4550/enquiries
Request URI:	https://www.testnearz.co.in/salons/4550/enquiries/656/convert
Request URI:	https://www.testnearz.co.in/appointments
Request URI:	https://www.testnearz.co.in/appointments
Request URI:	https://www.testnearz.co.in/salons/4550/reports/appointments/summary?range=today&_qa=496602933671500
Request URI:	https://www.testnearz.co.in/salons/4550/reports/appointments/summary?range=today&_qa=496603407706100
Request URI:	https://www.testnearz.co.in/salons/4550/enquiries
Request URI:	https://www.testnearz.co.in/salons/4550/enquiries/657/convert
Request URI:	https://www.testnearz.co.in/appointments
Request URI:	https://www.testnearz.co.in/appointments
Request URI:	https://www.testnearz.co.in/salons/4550/reports/appointments/summary?range=today&_qa=496606941806700
Request URI:	https://www.testnearz.co.in/appointments
Request URI:	https://www.testnearz.co.in/appointments/11166
Request URI:	https://www.testnearz.co.in/salons/4550/reports/appointments/summary?range=today&_qa=496608742177300
Request URI:	https://www.testnearz.co.in/appointments
Request URI:	https://www.testnearz.co.in/salons/4550/reports/appointments/summary?range=today&_qa=496609831486100
Request URI:	https://www.testnearz.co.in/salons/4550/reports/appointments/summary?range=today&_qa=496610289759000
Request URI:	https://www.testnearz.co.in/appointments
Request URI:	https://www.testnearz.co.in/salons/4550/reports/appointments/summary?range=today&_qa=496611501597000
Request URI:	https://www.testnearz.co.in/salons/4550/enquiries
Request URI:	https://www.testnearz.co.in/salons/4550/enquiries/658/convert
Request URI:	https://www.testnearz.co.in/appointments
Request URI:	https://www.testnearz.co.in/appointments/11168
Request URI:	https://www.testnearz.co.in/appointments/11168/status
Request URI:	https://www.testnearz.co.in/api/v1/billing/bills
Request URI:	https://www.testnearz.co.in/api/v1/billing/bills/957
Request URI:	https://www.testnearz.co.in/api/v1/billing/bills/957/finalize
Request URI:	https://www.testnearz.co.in/appointments/11168
Request URI:	https://www.testnearz.co.in/api/v1/billing/bills/957
Request URI:	https://www.testnearz.co.in/salons/4550/salon_customer_profiles/860
[WARNING] Tests run: 24, Failures: 0, Errors: 0, Skipped: 2, Time elapsed: 233.9 s -- in com.nearz.api.Block4AppointmentTest
[INFO] 
[INFO] Results:
[INFO] 
[WARNING] Tests run: 24, Failures: 0, Errors: 0, Skipped: 2
[INFO] 
[INFO] ------------------------------------------------------------------------
[INFO] BUILD SUCCESS
[INFO] ------------------------------------------------------------------------
[INFO] Total time:  03:55 min
[INFO] Finished at: 2026-08-30T14:07:49+05:30
[INFO] ------------------------------------------------------------------------
