[INFO] Scanning for projects...
[INFO] 
[INFO] ---------------------< com.nearz:nearz-api-tests >----------------------
[INFO] Building Nearz API end-to-end journey tests 1.0.0
[INFO]   from pom.xml
[INFO] --------------------------------[ jar ]---------------------------------
[INFO] 
[INFO] --- resources:3.4.0:resources (default-resources) @ nearz-api-tests ---
[INFO] skip non existing resourceDirectory C:\Users\saura\Documents\api-service\nearz-api-tests\src\main\resources
[INFO] 
[INFO] --- compiler:3.15.0:compile (default-compile) @ nearz-api-tests ---
[INFO] No sources to compile
[INFO] 
[INFO] --- resources:3.4.0:testResources (default-testResources) @ nearz-api-tests ---
[INFO] Copying 2 resources from src\test\resources to target\test-classes
[INFO] 
[INFO] --- compiler:3.15.0:testCompile (default-testCompile) @ nearz-api-tests ---
[INFO] Recompiling the module because of changed source code.
[INFO] Compiling 13 source files with javac [debug release 17] to target\test-classes
[INFO] 
[INFO] --- surefire:3.2.5:test (default-test) @ nearz-api-tests ---
[INFO] Using auto detected provider org.apache.maven.surefire.testng.TestNGProvider
[INFO] 
[INFO] -------------------------------------------------------
[INFO]  T E S T S
[INFO] -------------------------------------------------------
[INFO] Running com.nearz.api.ProbeCache
Request URI:	https://www.testnearz.co.in/salons/4550/working_days
Request URI:	https://www.testnearz.co.in/api/v1/billing/tax_config
Request URI:	https://www.testnearz.co.in/salons/4550/settings
Request URI:	https://www.testnearz.co.in/api/v1/billing/services?per_page=200
Request URI:	https://www.testnearz.co.in/api/v1/billing/staff
Request URI:	https://www.testnearz.co.in/api/v1/billing/products?per_page=200

===== does a SETTLED BILL show up straight away? =====
Request URI:	https://www.testnearz.co.in/salons/4550/reports/sales/summary?range=today
Request URI:	https://www.testnearz.co.in/salons/4550/reports/appointments/summary?range=today
Request URI:	https://www.testnearz.co.in/salons/4550/enquiries
Request URI:	https://www.testnearz.co.in/salons/4550/enquiries/617/convert
Request URI:	https://www.testnearz.co.in/salons/4550/appointments?date=2026-08-30&page=1&per_page=100
Request URI:	https://www.testnearz.co.in/salons/4550/appointments?date=2026-08-30&page=2&per_page=100
Request URI:	https://www.testnearz.co.in/salons/4550/appointments?date=2026-08-30&page=3&per_page=100
Request URI:	https://www.testnearz.co.in/salons/4550/appointments?date=2026-08-30&page=4&per_page=100
Request URI:	https://www.testnearz.co.in/salons/4550/appointments?date=2026-08-30&page=5&per_page=100
Request URI:	https://www.testnearz.co.in/salons/4550/appointments?date=2026-08-30&page=6&per_page=100
Request URI:	https://www.testnearz.co.in/salons/4550/appointments?date=2026-08-30&page=7&per_page=100
Request URI:	https://www.testnearz.co.in/salons/4550/appointments?date=2026-08-30&page=8&per_page=100
Request URI:	https://www.testnearz.co.in/salons/4550/appointments?date=2026-08-30&page=9&per_page=100
Request URI:	https://www.testnearz.co.in/salons/4550/appointments?date=2026-08-30&page=10&per_page=100
Request URI:	https://www.testnearz.co.in/salons/4550/appointments?date=2026-08-30&page=11&per_page=100
Request URI:	https://www.testnearz.co.in/salons/4550/appointments?date=2026-08-30&page=12&per_page=100
Request URI:	https://www.testnearz.co.in/salons/4550/appointments?date=2026-08-30&page=13&per_page=100
Request URI:	https://www.testnearz.co.in/salons/4550/appointments?date=2026-08-30&page=14&per_page=100
Request URI:	https://www.testnearz.co.in/salons/4550/appointments?date=2026-08-30&page=15&per_page=100
Request URI:	https://www.testnearz.co.in/salons/4550/appointments?date=2026-08-30&page=16&per_page=100
Request URI:	https://www.testnearz.co.in/salons/4550/appointments?date=2026-08-30&page=17&per_page=100
Request URI:	https://www.testnearz.co.in/salons/4550/appointments?date=2026-08-30&page=18&per_page=100
Request URI:	https://www.testnearz.co.in/salons/4550/appointments?date=2026-08-30&page=19&per_page=100
Request URI:	https://www.testnearz.co.in/salons/4550/appointments?date=2026-08-30&page=20&per_page=100
Request URI:	https://www.testnearz.co.in/appointments
Request URI:	https://www.testnearz.co.in/appointments
Request URI:	https://www.testnearz.co.in/appointments
Request URI:	https://www.testnearz.co.in/appointments
Request URI:	https://www.testnearz.co.in/appointments
Request URI:	https://www.testnearz.co.in/appointments/11121/status
Request URI:	https://www.testnearz.co.in/api/v1/billing/bills
Request URI:	https://www.testnearz.co.in/api/v1/billing/bills/930
Request URI:	https://www.testnearz.co.in/api/v1/billing/bills/930/finalize
Request URI:	https://www.testnearz.co.in/salons/4550/reports/sales/summary?range=today
Request URI:	https://www.testnearz.co.in/salons/4550/reports/appointments/summary?range=today
journey took 24s
sales.total_revenue        74564.0 -> 75744.0
appointments.total_appts   100 -> 101
after a further 65s:
Request URI:	https://www.testnearz.co.in/salons/4550/reports/sales/summary?range=today
sales.total_revenue        -> 75744.0
Request URI:	https://www.testnearz.co.in/salons/4550/reports/appointments/summary?range=today
appointments.total_appts   -> 101

===== ten reads in a row, same second =====
Request URI:	https://www.testnearz.co.in/salons/4550/reports/appointments/summary?range=today
  read 0: total_appointments = 101
Request URI:	https://www.testnearz.co.in/salons/4550/reports/appointments/summary?range=today
  read 1: total_appointments = 101
Request URI:	https://www.testnearz.co.in/salons/4550/reports/appointments/summary?range=today
  read 2: total_appointments = 101
Request URI:	https://www.testnearz.co.in/salons/4550/reports/appointments/summary?range=today
  read 3: total_appointments = 101
Request URI:	https://www.testnearz.co.in/salons/4550/reports/appointments/summary?range=today
  read 4: total_appointments = 101
Request URI:	https://www.testnearz.co.in/salons/4550/reports/appointments/summary?range=today
  read 5: total_appointments = 101
Request URI:	https://www.testnearz.co.in/salons/4550/reports/appointments/summary?range=today
  read 6: total_appointments = 101
Request URI:	https://www.testnearz.co.in/salons/4550/reports/appointments/summary?range=today
  read 7: total_appointments = 101
Request URI:	https://www.testnearz.co.in/salons/4550/reports/appointments/summary?range=today
  read 8: total_appointments = 101
Request URI:	https://www.testnearz.co.in/salons/4550/reports/appointments/summary?range=today
  read 9: total_appointments = 101
If these differ, the cache is per-process and reads land on different app servers - which makes any delta a coin toss.

===== reschedule =====
Request URI:	https://www.testnearz.co.in/salons/4550/enquiries
Request URI:	https://www.testnearz.co.in/salons/4550/enquiries/618/convert
Request URI:	https://www.testnearz.co.in/appointments
Request URI:	https://www.testnearz.co.in/appointments/11122/reschedule
wrapped in appointment{} -> 422  {"error":"Feature not enabled for this salon","token":"eyJhbGciOiJIUzI1NiJ9.eyJ1c2VyX2lkIjoxNDg5MiwidXNlcm5hbWUiOm51bGwsIm1vYmlsZSI6Iis5MTk5OTk5MTExMTEiLCJhbHRlcm5hdGl2ZV9tb2JpbGUiOiIiLCJyZWZlcnJhbF9jb2RlIjoiMDZjOWQ5IiwiZ2VuZGVyIjpudWxsLCJyb2xlIjoic2Fsb25fb3duZXIiLCJzYWxvbl9pZCI6NDU1MCwic2Fsb25fdHlw
Request URI:	https://www.testnearz.co.in/appointments/11122/reschedule
flat -> 422  {"error":"Feature not enabled for this salon","token":"eyJhbGciOiJIUzI1NiJ9.eyJ1c2VyX2lkIjoxNDg5MiwidXNlcm5hbWUiOm51bGwsIm1vYmlsZSI6Iis5MTk5OTk5MTExMTEiLCJhbHRlcm5hdGl2ZV9tb2JpbGUiOiIiLCJyZWZlcnJhbF9jb2RlIjoiMDZjOWQ5IiwiZ2VuZGVyIjpudWxsLCJyb2xlIjoic2Fsb25fb3duZXIiLCJzYWxvbl9pZCI6NDU1MCwic2Fsb25fdHlw
[INFO] Tests run: 3, Failures: 0, Errors: 0, Skipped: 0, Time elapsed: 115.2 s -- in com.nearz.api.ProbeCache
[INFO] 
[INFO] Results:
[INFO] 
[INFO] Tests run: 3, Failures: 0, Errors: 0, Skipped: 0
[INFO] 
[INFO] ------------------------------------------------------------------------
[INFO] BUILD SUCCESS
[INFO] ------------------------------------------------------------------------
[INFO] Total time:  02:06 min
[INFO] Finished at: 2026-08-30T13:45:41+05:30
[INFO] ------------------------------------------------------------------------
