[INFO] Scanning for projects...
[INFO] 
[INFO] ---------------------< com.nearz:nearz-api-tests >----------------------
[INFO] Building Nearz API end-to-end journey tests 1.0.0
[INFO]   from pom.xml
[INFO] --------------------------------[ jar ]---------------------------------
[INFO] 
[INFO] --- resources:3.4.0:resources (default-resources) @ nearz-api-tests ---
[INFO] skip non existing resourceDirectory C:\Users\saura\Documents\api-service\nearz-api-tests\src\main\resources
[INFO] 
[INFO] --- compiler:3.15.0:compile (default-compile) @ nearz-api-tests ---
[INFO] No sources to compile
[INFO] 
[INFO] --- resources:3.4.0:testResources (default-testResources) @ nearz-api-tests ---
[INFO] Copying 2 resources from src\test\resources to target\test-classes
[INFO] 
[INFO] --- compiler:3.15.0:testCompile (default-testCompile) @ nearz-api-tests ---
[INFO] Recompiling the module because of changed source code.
[INFO] Compiling 14 source files with javac [debug release 17] to target\test-classes
[INFO] 
[INFO] --- surefire:3.2.5:test (default-test) @ nearz-api-tests ---
[INFO] Using auto detected provider org.apache.maven.surefire.testng.TestNGProvider
[INFO] 
[INFO] -------------------------------------------------------
[INFO]  T E S T S
[INFO] -------------------------------------------------------
[INFO] Running com.nearz.api.ProbeCache2
Request URI:	https://www.testnearz.co.in/salons/4550/working_days
Request URI:	https://www.testnearz.co.in/api/v1/billing/tax_config
Request URI:	https://www.testnearz.co.in/salons/4550/settings
Request URI:	https://www.testnearz.co.in/api/v1/billing/services?per_page=200
Request URI:	https://www.testnearz.co.in/api/v1/billing/staff
Request URI:	https://www.testnearz.co.in/api/v1/billing/products?per_page=200

===== appointment only, no bill =====
Request URI:	https://www.testnearz.co.in/salons/4550/reports/appointments/summary?range=today
Request URI:	https://www.testnearz.co.in/salons/4550/reports/appointments/summary?range=today&_qa=495401265495800
t=0   plain=102  cache-busted=102
Request URI:	https://www.testnearz.co.in/salons/4550/enquiries
Request URI:	https://www.testnearz.co.in/salons/4550/enquiries/619/convert
Request URI:	https://www.testnearz.co.in/salons/4550/appointments?date=2026-08-30&page=1&per_page=100
Request URI:	https://www.testnearz.co.in/salons/4550/appointments?date=2026-08-30&page=2&per_page=100
Request URI:	https://www.testnearz.co.in/salons/4550/appointments?date=2026-08-30&page=3&per_page=100
Request URI:	https://www.testnearz.co.in/salons/4550/appointments?date=2026-08-30&page=4&per_page=100
Request URI:	https://www.testnearz.co.in/salons/4550/appointments?date=2026-08-30&page=5&per_page=100
Request URI:	https://www.testnearz.co.in/salons/4550/appointments?date=2026-08-30&page=6&per_page=100
Request URI:	https://www.testnearz.co.in/salons/4550/appointments?date=2026-08-30&page=7&per_page=100
Request URI:	https://www.testnearz.co.in/salons/4550/appointments?date=2026-08-30&page=8&per_page=100
Request URI:	https://www.testnearz.co.in/salons/4550/appointments?date=2026-08-30&page=9&per_page=100
Request URI:	https://www.testnearz.co.in/salons/4550/appointments?date=2026-08-30&page=10&per_page=100
Request URI:	https://www.testnearz.co.in/salons/4550/appointments?date=2026-08-30&page=11&per_page=100
Request URI:	https://www.testnearz.co.in/salons/4550/appointments?date=2026-08-30&page=12&per_page=100
Request URI:	https://www.testnearz.co.in/salons/4550/appointments?date=2026-08-30&page=13&per_page=100
Request URI:	https://www.testnearz.co.in/salons/4550/appointments?date=2026-08-30&page=14&per_page=100
Request URI:	https://www.testnearz.co.in/salons/4550/appointments?date=2026-08-30&page=15&per_page=100
Request URI:	https://www.testnearz.co.in/salons/4550/appointments?date=2026-08-30&page=16&per_page=100
Request URI:	https://www.testnearz.co.in/salons/4550/appointments?date=2026-08-30&page=17&per_page=100
Request URI:	https://www.testnearz.co.in/salons/4550/appointments?date=2026-08-30&page=18&per_page=100
Request URI:	https://www.testnearz.co.in/salons/4550/appointments?date=2026-08-30&page=19&per_page=100
Request URI:	https://www.testnearz.co.in/salons/4550/appointments?date=2026-08-30&page=20&per_page=100
Request URI:	https://www.testnearz.co.in/appointments
Request URI:	https://www.testnearz.co.in/appointments
Request URI:	https://www.testnearz.co.in/appointments
Request URI:	https://www.testnearz.co.in/appointments
Request URI:	https://www.testnearz.co.in/appointments
Request URI:	https://www.testnearz.co.in/salons/4550/reports/appointments/summary?range=today
Request URI:	https://www.testnearz.co.in/salons/4550/reports/appointments/summary?range=today&_qa=495423512784100
t=20s  plain=102  cache-busted=103
Request URI:	https://www.testnearz.co.in/salons/4550/reports/appointments/summary?range=today
Request URI:	https://www.testnearz.co.in/salons/4550/reports/appointments/summary?range=today&_qa=495435531381600
t=31s  plain=102  cache-busted=103
Request URI:	https://www.testnearz.co.in/salons/4550/reports/appointments/summary?range=today
Request URI:	https://www.testnearz.co.in/salons/4550/reports/appointments/summary?range=today&_qa=495446810707500
t=42s  plain=102  cache-busted=103
Request URI:	https://www.testnearz.co.in/salons/4550/reports/appointments/summary?range=today
Request URI:	https://www.testnearz.co.in/salons/4550/reports/appointments/summary?range=today&_qa=495457808221400
t=54s  plain=102  cache-busted=103
Request URI:	https://www.testnearz.co.in/salons/4550/reports/appointments/summary?range=today
Request URI:	https://www.testnearz.co.in/salons/4550/reports/appointments/summary?range=today&_qa=495468809676800
t=65s  plain=103  cache-busted=103
Request URI:	https://www.testnearz.co.in/salons/4550/reports/appointments/summary?range=today
Request URI:	https://www.testnearz.co.in/salons/4550/reports/appointments/summary?range=today&_qa=495479796373100
t=76s  plain=103  cache-busted=103
Request URI:	https://www.testnearz.co.in/salons/4550/reports/appointments/summary?range=today
Request URI:	https://www.testnearz.co.in/salons/4550/reports/appointments/summary?range=today&_qa=495490878016700
t=87s  plain=103  cache-busted=103
Request URI:	https://www.testnearz.co.in/salons/4550/reports/appointments/summary?range=today
Request URI:	https://www.testnearz.co.in/salons/4550/reports/appointments/summary?range=today&_qa=495503395093200
t=98s  plain=103  cache-busted=103
Expect +1 on both. If cache-busted moves at once and plain lags, the extra param is a reliable way to read the truth.
[INFO] Tests run: 1, Failures: 0, Errors: 0, Skipped: 0, Time elapsed: 125.9 s -- in com.nearz.api.ProbeCache2
[INFO] 
[INFO] Results:
[INFO] 
[INFO] Tests run: 1, Failures: 0, Errors: 0, Skipped: 0
[INFO] 
[INFO] ------------------------------------------------------------------------
[INFO] BUILD SUCCESS
[INFO] ------------------------------------------------------------------------
[INFO] Total time:  02:16 min
[INFO] Finished at: 2026-08-30T13:49:25+05:30
[INFO] ------------------------------------------------------------------------
