[INFO] Scanning for projects...
[INFO] 
[INFO] ---------------------< com.nearz:nearz-api-tests >----------------------
[INFO] Building Nearz API end-to-end journey tests 1.0.0
[INFO]   from pom.xml
[INFO] --------------------------------[ jar ]---------------------------------
[INFO] 
[INFO] --- resources:3.4.0:resources (default-resources) @ nearz-api-tests ---
[INFO] skip non existing resourceDirectory C:\Users\saura\Documents\api-service\nearz-api-tests\src\main\resources
[INFO] 
[INFO] --- compiler:3.15.0:compile (default-compile) @ nearz-api-tests ---
[INFO] No sources to compile
[INFO] 
[INFO] --- resources:3.4.0:testResources (default-testResources) @ nearz-api-tests ---
[INFO] Copying 2 resources from src\test\resources to target\test-classes
[INFO] 
[INFO] --- compiler:3.15.0:testCompile (default-testCompile) @ nearz-api-tests ---
[INFO] Recompiling the module because of changed source code.
[INFO] Compiling 11 source files with javac [debug release 17] to target\test-classes
[INFO] 
[INFO] --- surefire:3.2.5:test (default-test) @ nearz-api-tests ---
[INFO] Using auto detected provider org.apache.maven.surefire.testng.TestNGProvider
[INFO] 
[INFO] -------------------------------------------------------
[INFO]  T E S T S
[INFO] -------------------------------------------------------
[INFO] Running com.nearz.api.Block1EnquiryTest
Request URI:	https://www.testnearz.co.in/salons/4550/working_days
Request URI:	https://www.testnearz.co.in/api/v1/billing/tax_config
Request URI:	https://www.testnearz.co.in/salons/4550/settings
Request URI:	https://www.testnearz.co.in/api/v1/billing/services?per_page=200
Request URI:	https://www.testnearz.co.in/api/v1/billing/staff
Request URI:	https://www.testnearz.co.in/api/v1/billing/products?per_page=200
Request URI:	https://www.testnearz.co.in/salons/4550/reports/sales/summary?range=today
Request URI:	https://www.testnearz.co.in/salons/4550/reports/payments/summary?range=today
Request URI:	https://www.testnearz.co.in/salons/4550/reports/customers/summary?range=today
Request URI:	https://www.testnearz.co.in/salons/4550/reports/services/summary?range=today
Request URI:	https://www.testnearz.co.in/salons/4550/reports/staff_performance/summary?range=today
Request URI:	https://www.testnearz.co.in/salons/4550/reports/profit/summary?range=today
Request URI:	https://www.testnearz.co.in/salons/4550/enquiries
Request URI:	https://www.testnearz.co.in/salons/4550/enquiries/531/convert
Request URI:	https://www.testnearz.co.in/salons/4550/appointments?date=2026-08-30&page=1&per_page=100
Request URI:	https://www.testnearz.co.in/appointments
Request URI:	https://www.testnearz.co.in/appointments
Request URI:	https://www.testnearz.co.in/appointments
Request URI:	https://www.testnearz.co.in/appointments
Request URI:	https://www.testnearz.co.in/appointments/11027
Request URI:	https://www.testnearz.co.in/appointments/11027
Request URI:	https://www.testnearz.co.in/appointments/11027
Request URI:	https://www.testnearz.co.in/appointments/11027
Request URI:	https://www.testnearz.co.in/appointments/11027
Request URI:	https://www.testnearz.co.in/appointments/11027
Request URI:	https://www.testnearz.co.in/appointments/11027
Request URI:	https://www.testnearz.co.in/appointments/11027
Request URI:	https://www.testnearz.co.in/appointments/11027
Request URI:	https://www.testnearz.co.in/appointments/11027
Request URI:	https://www.testnearz.co.in/appointments/11027
Request URI:	https://www.testnearz.co.in/appointments/11027
Request URI:	https://www.testnearz.co.in/appointments/11027
Request URI:	https://www.testnearz.co.in/appointments/11027/status
Request URI:	https://www.testnearz.co.in/api/v1/billing/bills
Request URI:	https://www.testnearz.co.in/api/v1/billing/bills/857
Request URI:	https://www.testnearz.co.in/api/v1/billing/bills/857/finalize
Request URI:	https://www.testnearz.co.in/salons/4550/reports/sales/summary?range=today
Request URI:	https://www.testnearz.co.in/salons/4550/reports/payments/summary?range=today
Request URI:	https://www.testnearz.co.in/salons/4550/reports/customers/summary?range=today
Request URI:	https://www.testnearz.co.in/salons/4550/reports/services/summary?range=today
Request URI:	https://www.testnearz.co.in/salons/4550/reports/staff_performance/summary?range=today
Request URI:	https://www.testnearz.co.in/salons/4550/reports/profit/summary?range=today
Request URI:	https://www.testnearz.co.in/api/v1/billing/bills/857
Request URI:	https://www.testnearz.co.in/salons/4550/reports/sales/summary?range=today
Request URI:	https://www.testnearz.co.in/salons/4550/reports/payments/summary?range=today
Request URI:	https://www.testnearz.co.in/salons/4550/reports/customers/summary?range=today
Request URI:	https://www.testnearz.co.in/salons/4550/reports/services/summary?range=today
Request URI:	https://www.testnearz.co.in/salons/4550/reports/staff_performance/summary?range=today
Request URI:	https://www.testnearz.co.in/salons/4550/reports/profit/summary?range=today
Request URI:	https://www.testnearz.co.in/salons/4550/enquiries
Request URI:	https://www.testnearz.co.in/salons/4550/enquiries/532/convert
Request URI:	https://www.testnearz.co.in/appointments
Request URI:	https://www.testnearz.co.in/appointments
Request URI:	https://www.testnearz.co.in/appointments
Request URI:	https://www.testnearz.co.in/appointments/11028
Request URI:	https://www.testnearz.co.in/api/v1/billing/services?per_page=200
Request URI:	https://www.testnearz.co.in/api/v1/billing/staff
Request URI:	https://www.testnearz.co.in/appointments/11028
Request URI:	https://www.testnearz.co.in/appointments/11028
Request URI:	https://www.testnearz.co.in/salons/4550/reports/sales/summary?range=today
Request URI:	https://www.testnearz.co.in/salons/4550/reports/payments/summary?range=today
Request URI:	https://www.testnearz.co.in/salons/4550/reports/customers/summary?range=today
Request URI:	https://www.testnearz.co.in/salons/4550/reports/services/summary?range=today
Request URI:	https://www.testnearz.co.in/salons/4550/reports/staff_performance/summary?range=today
Request URI:	https://www.testnearz.co.in/salons/4550/reports/profit/summary?range=today
Request URI:	https://www.testnearz.co.in/salons/4550/enquiries
Request URI:	https://www.testnearz.co.in/salons/4550/enquiries/533/convert
Request URI:	https://www.testnearz.co.in/appointments
Request URI:	https://www.testnearz.co.in/appointments/11029
Request URI:	https://www.testnearz.co.in/appointments/11029/status
Request URI:	https://www.testnearz.co.in/api/v1/billing/bills
Request URI:	https://www.testnearz.co.in/api/v1/billing/bills/858
Request URI:	https://www.testnearz.co.in/api/v1/billing/bills/858/finalize
Request URI:	https://www.testnearz.co.in/salons/4550/reports/sales/summary?range=today
Request URI:	https://www.testnearz.co.in/salons/4550/reports/payments/summary?range=today
Request URI:	https://www.testnearz.co.in/salons/4550/reports/customers/summary?range=today
Request URI:	https://www.testnearz.co.in/salons/4550/reports/services/summary?range=today
Request URI:	https://www.testnearz.co.in/salons/4550/reports/staff_performance/summary?range=today
Request URI:	https://www.testnearz.co.in/salons/4550/reports/profit/summary?range=today
Request URI:	https://www.testnearz.co.in/api/v1/billing/bills/858
[ERROR] Tests run: 3, Failures: 1, Errors: 0, Skipped: 0, Time elapsed: 56.26 s <<< FAILURE! -- in com.nearz.api.Block1EnquiryTest
[ERROR] com.nearz.api.Block1EnquiryTest.e2e008_serviceChanged -- Time elapsed: 8.760 s <<< FAILURE!
java.lang.AssertionError: the service was swapped but the appointment still carries the old price: 1000.0 where QA Blow Dry costs 600.0 expected [0] but found [1]
	at org.testng.Assert.fail(Assert.java:111)
	at org.testng.Assert.failNotEquals(Assert.java:1578)
	at org.testng.Assert.assertEqualsImpl(Assert.java:150)
	at org.testng.Assert.assertEquals(Assert.java:132)
	at org.testng.Assert.assertEquals(Assert.java:1419)
	at org.testng.Assert.assertEquals(Assert.java:1383)
	at com.nearz.api.Block1EnquiryTest.e2e008_serviceChanged(Block1EnquiryTest.java:196)
	at java.base/jdk.internal.reflect.DirectMethodHandleAccessor.invoke(DirectMethodHandleAccessor.java:104)
	at java.base/java.lang.reflect.Method.invoke(Method.java:565)
	at org.testng.internal.invokers.MethodInvocationHelper.invokeMethod(MethodInvocationHelper.java:141)
	at org.testng.internal.invokers.TestInvoker.invokeMethod(TestInvoker.java:686)
	at org.testng.internal.invokers.TestInvoker.invokeTestMethod(TestInvoker.java:230)
	at org.testng.internal.invokers.MethodRunner.runInSequence(MethodRunner.java:63)
	at org.testng.internal.invokers.TestInvoker$MethodInvocationAgent.invoke(TestInvoker.java:992)
	at org.testng.internal.invokers.TestInvoker.invokeTestMethods(TestInvoker.java:203)
	at org.testng.internal.invokers.TestMethodWorker.invokeTestMethods(TestMethodWorker.java:154)
	at org.testng.internal.invokers.TestMethodWorker.run(TestMethodWorker.java:134)
	at java.base/java.util.ArrayList.forEach(ArrayList.java:1612)
	at org.testng.TestRunner.privateRun(TestRunner.java:739)
	at org.testng.TestRunner.run(TestRunner.java:614)
	at org.testng.SuiteRunner.runTest(SuiteRunner.java:421)
	at org.testng.SuiteRunner.runSequentially(SuiteRunner.java:413)
	at org.testng.SuiteRunner.privateRun(SuiteRunner.java:373)
	at org.testng.SuiteRunner.run(SuiteRunner.java:312)
	at org.testng.SuiteRunnerWorker.runSuite(SuiteRunnerWorker.java:52)
	at org.testng.SuiteRunnerWorker.run(SuiteRunnerWorker.java:95)
	at org.testng.TestNG.runSuitesSequentially(TestNG.java:1274)
	at org.testng.TestNG.runSuitesLocally(TestNG.java:1208)
	at org.testng.TestNG.runSuites(TestNG.java:1112)
	at org.testng.TestNG.run(TestNG.java:1079)
	at org.apache.maven.surefire.testng.TestNGExecutor.run(TestNGExecutor.java:155)
	at org.apache.maven.surefire.testng.TestNGDirectoryTestSuite.executeSingleClass(TestNGDirectoryTestSuite.java:102)
	at org.apache.maven.surefire.testng.TestNGDirectoryTestSuite.execute(TestNGDirectoryTestSuite.java:91)
	at org.apache.maven.surefire.testng.TestNGProvider.invoke(TestNGProvider.java:137)
	at org.apache.maven.surefire.booter.ForkedBooter.runSuitesInProcess(ForkedBooter.java:385)
	at org.apache.maven.surefire.booter.ForkedBooter.execute(ForkedBooter.java:162)
	at org.apache.maven.surefire.booter.ForkedBooter.run(ForkedBooter.java:507)
	at org.apache.maven.surefire.booter.ForkedBooter.main(ForkedBooter.java:495)

[INFO] 
[INFO] Results:
[INFO] 
[ERROR] Failures: 
[ERROR]   Block1EnquiryTest.e2e008_serviceChanged:196 the service was swapped but the appointment still carries the old price: 1000.0 where QA Blow Dry costs 600.0 expected [0] but found [1]
[INFO] 
[ERROR] Tests run: 3, Failures: 1, Errors: 0, Skipped: 0
[INFO] 
[INFO] ------------------------------------------------------------------------
[INFO] BUILD FAILURE
[INFO] ------------------------------------------------------------------------
[INFO] Total time:  01:03 min
[INFO] Finished at: 2026-08-30T13:09:36+05:30
[INFO] ------------------------------------------------------------------------
[ERROR] Failed to execute goal org.apache.maven.plugins:maven-surefire-plugin:3.2.5:test (default-test) on project nearz-api-tests: There are test failures.
[ERROR] 
[ERROR] Please refer to C:\Users\saura\Documents\api-service\nearz-api-tests\target\surefire-reports for the individual test results.
[ERROR] Please refer to dump files (if any exist) [date].dump, [date]-jvmRun[N].dump and [date].dumpstream.
[ERROR] -> [Help 1]
[ERROR] 
[ERROR] To see the full stack trace of the errors, re-run Maven with the -e switch.
[ERROR] Re-run Maven using the -X switch to enable full debug logging.
[ERROR] 
[ERROR] For more information about the errors and possible solutions, please read the following articles:
[ERROR] [Help 1] http://cwiki.apache.org/confluence/display/MAVEN/MojoFailureException
